
     Program GIPAW v.7.6 starts on 24Sep2026 at 15:45:30 

     This program is part of the open-source Quantum ESPRESSO suite
     for quantum simulation of materials; please cite
         "P. Giannozzi et al., J. Phys.:Condens. Matter 21 395502 (2009);
         "P. Giannozzi et al., J. Phys.:Condens. Matter 29 465901 (2017);
         "P. Giannozzi et al., J. Chem. Phys. 152 154105 (2020);
          URL http://www.quantum-espresso.org", 
     in publications or presentations arising from this work. More details at
     http://www.quantum-espresso.org/quote

     Parallel version (MPI), running on    16 processors

     MPI processes distributed on     1 nodes
     R & G space division:  proc/nbgrp/npool/nimage =      16
     9900 MiB available memory on the printing compute node when the environment starts
 
 
     ***** This is GIPAW git revision 4ae3c458560c6d3f7eebf2aec748d36248d3a3dd *****
     ***** you can cite: N. Varini et al., Comp. Phys. Comm. 184, 1827 (2013)  *****
     ***** in publications or presentations arising from this work.            *****
 
     Parallelizing q-star over 1 images
     Waiting for input...
     Reading input from standard input
 
     ------------------- Input file: --------------------
&inputgipaw
        job = 'nmr'
        prefix = 'benzene'
        tmp_dir = '/tmp/ceresoli/'
        restart_mode = 'from_scratch'
        diagonalization = 'cg'
        verbosity = 'high'
        q_gipaw = 0.01
        use_nmr_macroscopic_shape = .false.
/

 

     Reading xml data from directory:

     /tmp/ceresoli/benzene.save/

     IMPORTANT: XC functional enforced from input :
     Exchange-correlation= PBE
                           (   1   4   3   4   0   0   0)
     Any further DFT definition will be discarded
     Please, verify this is what you really want

 
     Parallelization info
     --------------------
     sticks:   dense  smooth     PW     G-vecs:    dense   smooth      PW
     Min        1013    1013    252                61719    61719    7716
     Max        1014    1014    253                61721    61721    7719
     Sum       16213   16213   4037               987519   987519  123465
 
     Using Slab Decomposition
 
     Reading collected, re-writing distributed wavefunctions
     Subspace diagonalization in iterative solution of the eigenvalue problem:
     one sub-group per band group will be used
     scalapack distributed-memory algorithm (size of sub-group:  4*  4 procs)

     GIPAW projectors -----------------------------------------------
     atom=C      l=0  rc=    1.7500  rs=    1.1667
     atom=C      l=0  rc=    1.7500  rs=    1.1667
     atom=C      l=1  rc=    1.7500  rs=    1.1667
     atom=C      l=1  rc=    1.7500  rs=    1.1667
     projs nearly linearly dependent: l=1  n1,n2= 1, 2  s= -0.99430547
 
     atom=H      l=0  rc=    1.2000  rs=    0.8000
     atom=H      l=0  rc=    1.2000  rs=    0.8000
     projs nearly linearly dependent: l=0  n1,n2= 1, 2  s= -0.99707079
     -----------------------------------------------------------------
 
     GIPAW integrals: -------------------------------------------
     Atom  i/j   nmr_para   nmr_dia   epr_rmc  epr_para   epr_dia
     C     1 1   0.44E+03  0.21E+00  0.50E+01  0.54E+04  0.35E+01
     C     2 1  -0.50E+03 -0.22E+00 -0.58E+01 -0.62E+04 -0.42E+01
     C     2 2   0.58E+03  0.23E+00  0.68E+01  0.72E+04  0.50E+01
     C     3 3   0.15E+01  0.70E-01  0.47E+00  0.26E+02  0.95E+00
     C     4 3  -0.18E+01 -0.10E+00 -0.67E+00 -0.32E+02 -0.13E+01
     C     4 4   0.23E+01  0.15E+00  0.95E+00  0.38E+02  0.19E+01
     H     1 1   0.26E+02  0.66E-01  0.98E-01  0.15E+03  0.20E+00
     H     2 1  -0.30E+02 -0.85E-01 -0.13E+00 -0.17E+03 -0.26E+00
     H     2 2   0.35E+02  0.11E+00  0.18E+00  0.19E+03  0.36E+00
     ------------------------------------------------------------
 
     alpha_pv=     29.5813 eV
 
     Number of occupied bands for each k-point:
     k-point:     1    nbnd_occ=  15    spin=1
 
 
     Message from routine gipaw_summary:
     spline_ps is .false., expect some extrapolation errors
 
     q-space interpolation up to   108.00 Rydberg
 
     GIPAW job: nmr                                                                             
     NMR macroscopic correction: no
 
     Largest allocated arrays     est. size (Mb)     dimensions
        KS wavefunctions at k           1.77 Mb     (    7718,   15)
        KS wavefunctions at k+q         1.77 Mb     (    7718,   15)
        First-order wavefunctions      17.67 Mb     (    7718,   15, 10)
        Charge/spin density             0.99 Mb     (  129600,    1)
        Induced current                 8.90 Mb     (  129600,    3,3,1)
        Induced magnetic field          8.90 Mb     (  129600,    3,3,1)
        NL pseudopotentials             0.71 Mb     (    7718,    6)
        GIPAW NL terms                  7.07 Mb     (    7718,   60)
 
     Computing the magnetic susceptibility     isolve=1    ethr=  0.1000E-13
     Starting from scratch
     k-point #    1 of     1      pool #  1    cpu time:       1.1
     compute_u_kq: q = (    0.0000,    0.0000,    0.0000)
     Rotating WFCS
     ethr =  1.00E-14,  avg # of iterations =  8.7
     eigenvalues at k:
 -20.5508 -17.7485 -17.7485 -14.1755 -14.1754 -12.3334 -10.5619 -10.3391
  -9.6514  -9.6512  -8.5025  -7.6548  -7.6546  -5.7602  -5.7601
     eigenvalues at k+q:
 -20.5502 -17.7481 -17.7480 -14.1751 -14.1751 -12.3331 -10.5617 -10.3386
  -9.6511  -9.6509  -8.5020  -7.6545  -7.6543  -5.7598  -5.7597
     cgsolve_all iterations  21    anorm=    0.60E-07
     cgsolve_all iterations  21    anorm=    0.65E-07
     cgsolve_all iterations  21    anorm=    0.63E-07
     compute_u_kq: q = (    0.0389,    0.0000,    0.0000)
     Rotating WFCS
     ethr =  1.00E-14,  avg # of iterations = 18.8
     eigenvalues at k:
 -20.5508 -17.7485 -17.7485 -14.1755 -14.1754 -12.3334 -10.5619 -10.3391
  -9.6514  -9.6512  -8.5025  -7.6548  -7.6546  -5.7602  -5.7601
     eigenvalues at k+q:
 -20.5502 -17.7481 -17.7480 -14.1751 -14.1751 -12.3331 -10.5617 -10.3386
  -9.6511  -9.6509  -8.5020  -7.6545  -7.6543  -5.7598  -5.7597
     cgsolve_all iterations  21    anorm=    0.67E-07
     cgsolve_all iterations  21    anorm=    0.67E-07
     cgsolve_all iterations  22    anorm=    0.67E-07
     compute_u_kq: q = (   -0.0389,    0.0000,    0.0000)
     Rotating WFCS
     ethr =  1.00E-14,  avg # of iterations = 18.7
     eigenvalues at k:
 -20.5508 -17.7485 -17.7485 -14.1755 -14.1754 -12.3334 -10.5619 -10.3391
  -9.6514  -9.6512  -8.5025  -7.6548  -7.6546  -5.7602  -5.7601
     eigenvalues at k+q:
 -20.5502 -17.7481 -17.7480 -14.1751 -14.1751 -12.3331 -10.5617 -10.3386
  -9.6511  -9.6509  -8.5020  -7.6545  -7.6543  -5.7598  -5.7597
     cgsolve_all iterations  21    anorm=    0.67E-07
     cgsolve_all iterations  21    anorm=    0.67E-07
     cgsolve_all iterations  22    anorm=    0.67E-07
     compute_u_kq: q = (    0.0000,    0.0389,    0.0000)
     Rotating WFCS
     ethr =  1.00E-14,  avg # of iterations = 18.3
     eigenvalues at k:
 -20.5508 -17.7485 -17.7485 -14.1755 -14.1754 -12.3334 -10.5619 -10.3391
  -9.6514  -9.6512  -8.5025  -7.6548  -7.6546  -5.7602  -5.7601
     eigenvalues at k+q:
 -20.5502 -17.7481 -17.7480 -14.1751 -14.1751 -12.3331 -10.5617 -10.3386
  -9.6511  -9.6509  -8.5020  -7.6545  -7.6543  -5.7598  -5.7597
     cgsolve_all iterations  22    anorm=    0.65E-07
     cgsolve_all iterations  22    anorm=    0.70E-07
     cgsolve_all iterations  22    anorm=    0.63E-07
     compute_u_kq: q = (    0.0000,   -0.0389,    0.0000)
     Rotating WFCS
     ethr =  1.00E-14,  avg # of iterations = 18.4
     eigenvalues at k:
 -20.5508 -17.7485 -17.7485 -14.1755 -14.1754 -12.3334 -10.5619 -10.3391
  -9.6514  -9.6512  -8.5025  -7.6548  -7.6546  -5.7602  -5.7601
     eigenvalues at k+q:
 -20.5502 -17.7481 -17.7480 -14.1751 -14.1751 -12.3331 -10.5617 -10.3386
  -9.6511  -9.6509  -8.5020  -7.6545  -7.6543  -5.7598  -5.7597
     cgsolve_all iterations  22    anorm=    0.65E-07
     cgsolve_all iterations  22    anorm=    0.70E-07
     cgsolve_all iterations  22    anorm=    0.63E-07
     compute_u_kq: q = (    0.0000,    0.0000,    0.0389)
     Rotating WFCS
     ethr =  1.00E-14,  avg # of iterations = 14.0
     eigenvalues at k:
 -20.5508 -17.7485 -17.7485 -14.1755 -14.1754 -12.3334 -10.5619 -10.3391
  -9.6514  -9.6512  -8.5025  -7.6548  -7.6546  -5.7602  -5.7601
     eigenvalues at k+q:
 -20.5502 -17.7481 -17.7480 -14.1751 -14.1751 -12.3331 -10.5617 -10.3386
  -9.6511  -9.6509  -8.5020  -7.6545  -7.6543  -5.7598  -5.7597
     cgsolve_all iterations  23    anorm=    0.67E-07
     cgsolve_all iterations  23    anorm=    0.66E-07
     cgsolve_all iterations  21    anorm=    0.64E-07
     compute_u_kq: q = (    0.0000,    0.0000,   -0.0389)
     Rotating WFCS
     ethr =  1.00E-14,  avg # of iterations = 14.1
     eigenvalues at k:
 -20.5508 -17.7485 -17.7485 -14.1755 -14.1754 -12.3334 -10.5619 -10.3391
  -9.6514  -9.6512  -8.5025  -7.6548  -7.6546  -5.7602  -5.7601
     eigenvalues at k+q:
 -20.5502 -17.7481 -17.7480 -14.1751 -14.1751 -12.3331 -10.5617 -10.3386
  -9.6511  -9.6509  -8.5020  -7.6545  -7.6543  -5.7598  -5.7597
     cgsolve_all iterations  23    anorm=    0.67E-07
     cgsolve_all iterations  23    anorm=    0.66E-07
     cgsolve_all iterations  21    anorm=    0.64E-07
 
     End of magnetic susceptibility calculation
 
     f-sum rule (1st term):
           -29.9995          0.0000          0.0000
             0.0000        -29.9985          0.0000
             0.0000          0.0000        -30.0403

     f-sum rule (2nd term):
             0.0000          0.0000          0.0000
             0.0000          0.0000          0.0000
             0.0000          0.0000          0.0000

     f-sum rule (should be   -30.0000):
           -29.9995          0.0000          0.0000
             0.0000        -29.9985          0.0000
             0.0000          0.0000        -30.0403

     chi_bare pGv (HH) in paratec units:
        -7.258935      0.002923     -0.000169
         0.002919     -7.273314     -0.000063
        -0.000578     -0.000009    -19.463549

        -7.258935      0.000000      0.000000
         0.000000     -7.273314      0.000000
         0.000000      0.000000    -19.463549

     chi_bare vGv (VV) in paratec units:
        -6.420910      0.002923     -0.000194
         0.002919     -6.434002     -0.000055
        -0.000379     -0.000003    -20.154357

        -6.420910      0.000000      0.000000
         0.000000     -6.434002      0.000000
         0.000000      0.000000    -20.154357

     chi_bare pGv (HH) in 10^{-6} cm^3/mol:
           -34.4951          0.0000          0.0000
             0.0000        -34.5635          0.0000
             0.0000          0.0000        -92.4926

     chi_bare vGv (VV) in 10^{-6} cm^3/mol:
           -30.5128          0.0000          0.0000
             0.0000        -30.5750          0.0000
             0.0000          0.0000        -95.7754

     Contributions to the NMR chemical shifts: -------------------------------
 
     Macroscopic shape contribution in ppm:                    0.00
             0.0000          0.0000          0.0000
             0.0000          0.0000          0.0000
             0.0000          0.0000          0.0000

 
     Core contribution in ppm:
 
     Atom  1  C   pos: (  0.000000  0.107679  0.000000)  core sigma:         200.33
     Atom  2  C   pos: (  0.093253  0.053840  0.000000)  core sigma:         200.33
     Atom  3  C   pos: (  0.093253 -0.053840  0.000000)  core sigma:         200.33
     Atom  4  C   pos: (  0.000000 -0.107679  0.000000)  core sigma:         200.33
     Atom  5  C   pos: ( -0.093253 -0.053840  0.000000)  core sigma:         200.33
     Atom  6  C   pos: ( -0.093253  0.053840  0.000000)  core sigma:         200.33
     Atom  7  H   pos: (  0.000000  0.191523  0.000000)  core sigma:           0.00
     Atom  8  H   pos: (  0.165864  0.095761  0.000000)  core sigma:           0.00
     Atom  9  H   pos: (  0.165864 -0.095761  0.000000)  core sigma:           0.00
     Atom 10  H   pos: (  0.000000 -0.191523  0.000000)  core sigma:           0.00
     Atom 11  H   pos: ( -0.165864 -0.095761  0.000000)  core sigma:           0.00
     Atom 12  H   pos: ( -0.165864  0.095761  0.000000)  core sigma:           0.00
 
     Bare contribution in ppm:
 
     Atom  1  C   pos: (  0.000000  0.107679  0.000000)  bare sigma:         -77.05
           -87.6737         -0.0000          0.0000
            -0.0000       -147.8732          0.0000
             0.0000          0.0000          4.3966

     Atom  2  C   pos: (  0.093253  0.053840  0.000000)  bare sigma:         -77.06
          -132.8827        -26.0905         -0.0000
           -26.1021       -102.7274          0.0000
             0.0000          0.0000          4.4371

     Atom  3  C   pos: (  0.093253 -0.053840  0.000000)  bare sigma:         -77.06
          -132.8827         26.0905          0.0000
            26.1021       -102.7274          0.0000
             0.0000         -0.0000          4.4371

     Atom  4  C   pos: (  0.000000 -0.107679  0.000000)  bare sigma:         -77.05
           -87.6737         -0.0000          0.0000
            -0.0000       -147.8732          0.0000
             0.0000         -0.0000          4.3966

     Atom  5  C   pos: ( -0.093253 -0.053840  0.000000)  bare sigma:         -77.06
          -132.8827        -26.0905         -0.0000
           -26.1021       -102.7274         -0.0000
            -0.0000         -0.0000          4.4371

     Atom  6  C   pos: ( -0.093253  0.053840  0.000000)  bare sigma:         -77.06
          -132.8827         26.0905         -0.0000
            26.1021       -102.7274          0.0000
            -0.0000         -0.0000          4.4371

     Atom  7  H   pos: (  0.000000  0.191523  0.000000)  bare sigma:          22.47
            24.8225         -0.0000         -0.0000
             0.0000         22.0174          0.0000
            -0.0000          0.0000         20.5602

     Atom  8  H   pos: (  0.165864  0.095761  0.000000)  bare sigma:          22.47
            22.6861         -1.3005          0.0000
            -1.2999         24.1552          0.0000
             0.0000          0.0000         20.5641

     Atom  9  H   pos: (  0.165864 -0.095761  0.000000)  bare sigma:          22.47
            22.6861          1.3005          0.0000
             1.2999         24.1552         -0.0000
             0.0000          0.0000         20.5641

     Atom 10  H   pos: (  0.000000 -0.191523  0.000000)  bare sigma:          22.47
            24.8225         -0.0000          0.0000
             0.0000         22.0174         -0.0000
            -0.0000         -0.0000         20.5602

     Atom 11  H   pos: ( -0.165864 -0.095761  0.000000)  bare sigma:          22.47
            22.6861         -1.3005         -0.0000
            -1.2999         24.1552         -0.0000
            -0.0000         -0.0000         20.5641

     Atom 12  H   pos: ( -0.165864  0.095761  0.000000)  bare sigma:          22.47
            22.6861          1.3005         -0.0000
             1.2999         24.1552          0.0000
            -0.0000          0.0000         20.5641

     Diamagnetic contribution in ppm:
 
     Atom  1  C   pos: (  0.000000  0.107679  0.000000)  dia sigma:           3.83
             3.8354          0.0000          0.0000
             0.0000          3.8316         -0.0000
             0.0000         -0.0000          3.8301

     Atom  2  C   pos: (  0.093253  0.053840  0.000000)  dia sigma:           3.83
             3.8325         -0.0017         -0.0000
            -0.0017          3.8345         -0.0000
            -0.0000          0.0000          3.8301

     Atom  3  C   pos: (  0.093253 -0.053840  0.000000)  dia sigma:           3.83
             3.8325          0.0017          0.0000
             0.0017          3.8345          0.0000
             0.0000          0.0000          3.8301

     Atom  4  C   pos: (  0.000000 -0.107679  0.000000)  dia sigma:           3.83
             3.8354          0.0000          0.0000
             0.0000          3.8316          0.0000
             0.0000          0.0000          3.8301

     Atom  5  C   pos: ( -0.093253 -0.053840  0.000000)  dia sigma:           3.83
             3.8325         -0.0017          0.0000
            -0.0017          3.8345         -0.0000
             0.0000         -0.0000          3.8301

     Atom  6  C   pos: ( -0.093253  0.053840  0.000000)  dia sigma:           3.83
             3.8325          0.0017          0.0000
             0.0017          3.8345          0.0000
             0.0000          0.0000          3.8301

     Atom  7  H   pos: (  0.000000  0.191523  0.000000)  dia sigma:           0.43
             0.4281          0.0000          0.0000
             0.0000          0.4281          0.0000
             0.0000          0.0000          0.4281

     Atom  8  H   pos: (  0.165864  0.095761  0.000000)  dia sigma:           0.43
             0.4281         -0.0000          0.0000
            -0.0000          0.4281          0.0000
             0.0000          0.0000          0.4281

     Atom  9  H   pos: (  0.165864 -0.095761  0.000000)  dia sigma:           0.43
             0.4281          0.0000          0.0000
             0.0000          0.4281          0.0000
             0.0000          0.0000          0.4281

     Atom 10  H   pos: (  0.000000 -0.191523  0.000000)  dia sigma:           0.43
             0.4281          0.0000          0.0000
             0.0000          0.4281          0.0000
             0.0000          0.0000          0.4281

     Atom 11  H   pos: ( -0.165864 -0.095761  0.000000)  dia sigma:           0.43
             0.4281         -0.0000          0.0000
            -0.0000          0.4281          0.0000
             0.0000          0.0000          0.4281

     Atom 12  H   pos: ( -0.165864  0.095761  0.000000)  dia sigma:           0.43
             0.4281          0.0000          0.0000
             0.0000          0.4281          0.0000
             0.0000          0.0000          0.4281

     Paramagnetic contribution in ppm:
 
     Atom  1  C   pos: (  0.000000  0.107679  0.000000)  para sigma:         -87.39
           -90.8334          0.0000          0.0000
             0.0000       -130.5774          0.0000
            -0.0000          0.0000        -40.7703

     Atom  2  C   pos: (  0.093253  0.053840  0.000000)  para sigma:         -87.40
          -120.6568        -17.2009          0.0000
           -17.2072       -100.7899          0.0000
             0.0000         -0.0000        -40.7494

     Atom  3  C   pos: (  0.093253 -0.053840  0.000000)  para sigma:         -87.40
          -120.6568         17.2009         -0.0000
            17.2072       -100.7899         -0.0000
             0.0000          0.0000        -40.7494

     Atom  4  C   pos: (  0.000000 -0.107679  0.000000)  para sigma:         -87.39
           -90.8334          0.0000         -0.0000
             0.0000       -130.5774          0.0000
             0.0000          0.0000        -40.7703

     Atom  5  C   pos: ( -0.093253 -0.053840  0.000000)  para sigma:         -87.40
          -120.6568        -17.2009          0.0000
           -17.2072       -100.7899          0.0000
            -0.0000          0.0000        -40.7494

     Atom  6  C   pos: ( -0.093253  0.053840  0.000000)  para sigma:         -87.40
          -120.6568         17.2009          0.0000
            17.2072       -100.7899         -0.0000
             0.0000         -0.0000        -40.7494

     Atom  7  H   pos: (  0.000000  0.191523  0.000000)  para sigma:           0.00
             0.0000          0.0000          0.0000
             0.0000          0.0000          0.0000
             0.0000          0.0000          0.0000

     Atom  8  H   pos: (  0.165864  0.095761  0.000000)  para sigma:           0.00
             0.0000          0.0000          0.0000
             0.0000          0.0000          0.0000
             0.0000          0.0000          0.0000

     Atom  9  H   pos: (  0.165864 -0.095761  0.000000)  para sigma:           0.00
             0.0000          0.0000          0.0000
             0.0000          0.0000          0.0000
             0.0000          0.0000          0.0000

     Atom 10  H   pos: (  0.000000 -0.191523  0.000000)  para sigma:           0.00
             0.0000          0.0000          0.0000
             0.0000          0.0000          0.0000
             0.0000          0.0000          0.0000

     Atom 11  H   pos: ( -0.165864 -0.095761  0.000000)  para sigma:           0.00
             0.0000          0.0000          0.0000
             0.0000          0.0000          0.0000
             0.0000          0.0000          0.0000

     Atom 12  H   pos: ( -0.165864  0.095761  0.000000)  para sigma:           0.00
             0.0000          0.0000          0.0000
             0.0000          0.0000          0.0000
             0.0000          0.0000          0.0000

 
     Total NMR chemical shifts in ppm: -------------------------------------------------
     (adopting the Simpson convention for anisotropy and asymmetry on a shielding scale)
 
     Atom  1  C   pos: (  0.000000  0.107679  0.000000)  Total sigma:          39.72
            25.6610         -0.0000          0.0000
            -0.0000        -74.2863          0.0000
             0.0000          0.0000        167.7891

     C       1    anisotropy:    128.07    eta:    0.7804
     C       1    sigma_xx=    -74.29    axis=( -0.000000 -1.000000  0.000000)
     C       1    sigma_yy=     25.66    axis=( -1.000000  0.000000  0.000000)
     C       1    sigma_zz=    167.79    axis=(  0.000000  0.000000  1.000000)
 
     Atom  2  C   pos: (  0.093253  0.053840  0.000000)  Total sigma:          39.71
           -49.3742        -43.2931         -0.0000
           -43.3110          0.6499          0.0000
             0.0000          0.0000        167.8505

     C       2    anisotropy:    128.14    eta:    0.7805
     C       2    sigma_xx=    -74.37    axis=( -0.866076 -0.499913  0.000000)
     C       2    sigma_yy=     25.64    axis=( -0.499913  0.866076  0.000000)
     C       2    sigma_zz=    167.85    axis=(  0.000000  0.000000  1.000000)
 
     Atom  3  C   pos: (  0.093253 -0.053840  0.000000)  Total sigma:          39.71
           -49.3742         43.2931          0.0000
            43.3110          0.6499          0.0000
             0.0000         -0.0000        167.8505

     C       3    anisotropy:    128.14    eta:    0.7805
     C       3    sigma_xx=    -74.37    axis=(  0.866076 -0.499913  0.000000)
     C       3    sigma_yy=     25.64    axis=( -0.499913 -0.866076  0.000000)
     C       3    sigma_zz=    167.85    axis=(  0.000000  0.000000  1.000000)
 
     Atom  4  C   pos: (  0.000000 -0.107679  0.000000)  Total sigma:          39.72
            25.6610         -0.0000          0.0000
            -0.0000        -74.2863          0.0000
             0.0000         -0.0000        167.7891

     C       4    anisotropy:    128.07    eta:    0.7804
     C       4    sigma_xx=    -74.29    axis=( -0.000000 -1.000000  0.000000)
     C       4    sigma_yy=     25.66    axis=( -1.000000  0.000000  0.000000)
     C       4    sigma_zz=    167.79    axis=(  0.000000  0.000000  1.000000)
 
     Atom  5  C   pos: ( -0.093253 -0.053840  0.000000)  Total sigma:          39.71
           -49.3742        -43.2931         -0.0000
           -43.3110          0.6499         -0.0000
            -0.0000         -0.0000        167.8505

     C       5    anisotropy:    128.14    eta:    0.7805
     C       5    sigma_xx=    -74.37    axis=( -0.866076 -0.499913  0.000000)
     C       5    sigma_yy=     25.64    axis=( -0.499913  0.866076  0.000000)
     C       5    sigma_zz=    167.85    axis=(  0.000000  0.000000  1.000000)
 
     Atom  6  C   pos: ( -0.093253  0.053840  0.000000)  Total sigma:          39.71
           -49.3742         43.2931         -0.0000
            43.3110          0.6499          0.0000
            -0.0000         -0.0000        167.8505

     C       6    anisotropy:    128.14    eta:    0.7805
     C       6    sigma_xx=    -74.37    axis=(  0.866076 -0.499913  0.000000)
     C       6    sigma_yy=     25.64    axis=( -0.499913 -0.866076  0.000000)
     C       6    sigma_zz=    167.85    axis=(  0.000000  0.000000  1.000000)
 
     Atom  7  H   pos: (  0.000000  0.191523  0.000000)  Total sigma:          22.89
            25.2506         -0.0000         -0.0000
             0.0000         22.4455          0.0000
            -0.0000          0.0000         20.9882

     H       7    anisotropy:      2.36    eta:    0.6186
     H       7    sigma_xx=     20.99    axis=(  0.000000  0.000000  1.000000)
     H       7    sigma_yy=     22.45    axis=( -0.000000  1.000000  0.000000)
     H       7    sigma_zz=     25.25    axis=( -1.000000 -0.000000  0.000000)
 
     Atom  8  H   pos: (  0.165864  0.095761  0.000000)  Total sigma:          22.90
            23.1141         -1.3005          0.0000
            -1.2999         24.5833          0.0000
             0.0000          0.0000         20.9922

     H       8    anisotropy:      2.45    eta:    0.5574
     H       8    sigma_xx=     20.99    axis=(  0.000000  0.000000  1.000000)
     H       8    sigma_yy=     22.36    axis=(  0.863684  0.504034  0.000000)
     H       8    sigma_zz=     25.34    axis=( -0.504034  0.863684  0.000000)
 
     Atom  9  H   pos: (  0.165864 -0.095761  0.000000)  Total sigma:          22.90
            23.1141          1.3005          0.0000
             1.2999         24.5833         -0.0000
             0.0000          0.0000         20.9922

     H       9    anisotropy:      2.45    eta:    0.5574
     H       9    sigma_xx=     20.99    axis=(  0.000000  0.000000  1.000000)
     H       9    sigma_yy=     22.36    axis=( -0.863684  0.504034  0.000000)
     H       9    sigma_zz=     25.34    axis=( -0.504034 -0.863684  0.000000)
 
     Atom 10  H   pos: (  0.000000 -0.191523  0.000000)  Total sigma:          22.89
            25.2506         -0.0000          0.0000
             0.0000         22.4455         -0.0000
            -0.0000         -0.0000         20.9882

     H      10    anisotropy:      2.36    eta:    0.6186
     H      10    sigma_xx=     20.99    axis=(  0.000000  0.000000  1.000000)
     H      10    sigma_yy=     22.45    axis=( -0.000000  1.000000  0.000000)
     H      10    sigma_zz=     25.25    axis=( -1.000000 -0.000000  0.000000)
 
     Atom 11  H   pos: ( -0.165864 -0.095761  0.000000)  Total sigma:          22.90
            23.1141         -1.3005         -0.0000
            -1.2999         24.5833         -0.0000
            -0.0000         -0.0000         20.9922

     H      11    anisotropy:      2.45    eta:    0.5574
     H      11    sigma_xx=     20.99    axis=(  0.000000  0.000000  1.000000)
     H      11    sigma_yy=     22.36    axis=(  0.863684  0.504034  0.000000)
     H      11    sigma_zz=     25.34    axis=( -0.504034  0.863684  0.000000)
 
     Atom 12  H   pos: ( -0.165864  0.095761  0.000000)  Total sigma:          22.90
            23.1141          1.3005         -0.0000
             1.2999         24.5833          0.0000
            -0.0000          0.0000         20.9922

     H      12    anisotropy:      2.45    eta:    0.5574
     H      12    sigma_xx=     20.99    axis=(  0.000000  0.000000  1.000000)
     H      12    sigma_yy=     22.36    axis=( -0.863684  0.504034  0.000000)
     H      12    sigma_zz=     25.34    axis=( -0.504034 -0.863684  0.000000)
 
     Initialization:
     gipaw_setup  :      0.03s CPU      0.03s WALL (       1 calls)
 
     Linear response
     greenf       :     48.51s CPU     52.55s WALL (      21 calls)
     cgsolve      :     48.17s CPU     52.17s WALL (      21 calls)
     ch_psi       :     42.45s CPU     46.14s WALL (     457 calls)
     h_psiq       :     33.96s CPU     37.28s WALL (     457 calls)
 
     Apply operators
     h_psi        :     41.10s CPU     44.99s WALL (    1926 calls)
     apply_vel    :      0.33s CPU      0.37s WALL (      21 calls)
 
     Induced current
     j_para       :     15.27s CPU     16.73s WALL (      12 calls)
     biot_savart  :      0.23s CPU      0.33s WALL (       1 calls)
 
     Other routines
 
     General routines
     calbec       :      4.52s CPU      4.90s WALL (    4392 calls)
     fft          :      0.27s CPU      0.39s WALL (      29 calls)
     fftw         :     45.38s CPU     49.92s WALL (   19200 calls)
     davcio       :      0.01s CPU      0.03s WALL (      16 calls)
 
     Parallel routines
     fft_scatter  :     28.10s CPU     31.19s WALL (   19229 calls)
 
     Plugins
 
 
     GIPAW        :   1m19.32s CPU   1m26.27s WALL

 
   This run was terminated on:  15:46:56  24Sep2026            

=------------------------------------------------------------------------------=
   JOB DONE.
=------------------------------------------------------------------------------=
