
     Program GIPAW v.7.6 starts on 24Sep2026 at 15:53: 4 

     This program is part of the open-source Quantum ESPRESSO suite
     for quantum simulation of materials; please cite
         "P. Giannozzi et al., J. Phys.:Condens. Matter 21 395502 (2009);
         "P. Giannozzi et al., J. Phys.:Condens. Matter 29 465901 (2017);
         "P. Giannozzi et al., J. Chem. Phys. 152 154105 (2020);
          URL http://www.quantum-espresso.org", 
     in publications or presentations arising from this work. More details at
     http://www.quantum-espresso.org/quote

     Parallel version (MPI), running on    16 processors

     MPI processes distributed on     1 nodes
     R & G space division:  proc/nbgrp/npool/nimage =      16
     9747 MiB available memory on the printing compute node when the environment starts
 
 
     ***** This is GIPAW git revision 4ae3c458560c6d3f7eebf2aec748d36248d3a3dd *****
     ***** you can cite: N. Varini et al., Comp. Phys. Comm. 184, 1827 (2013)  *****
     ***** in publications or presentations arising from this work.            *****
 
     Parallelizing q-star over 1 images
     Waiting for input...
     Reading input from standard input
 
     ------------------- Input file: --------------------
&inputgipaw
        job = 'efg'
        prefix = 'quartz'
        tmp_dir = '/tmp/ceresoli/'
        verbosity = 'high'
        Q_efg(1) = 1.0     ! fake value for 1H
        Q_efg(2) = 2.55    ! 17O
/

 

     Reading xml data from directory:

     /tmp/ceresoli/quartz.save/

     IMPORTANT: XC functional enforced from input :
     Exchange-correlation= PBE
                           (   1   4   3   4   0   0   0)
     Any further DFT definition will be discarded
     Please, verify this is what you really want

 
     Parallelization info
     --------------------
     sticks:   dense  smooth     PW     G-vecs:    dense   smooth      PW
     Min         118     118     33                 4602     4602     685
     Max         119     119     34                 4607     4607     688
     Sum        1903    1903    535                73661    73661   10993
 
     Using Slab Decomposition
 
     Reading collected, re-writing distributed wavefunctions
     Subspace diagonalization in iterative solution of the eigenvalue problem:
     one sub-group per band group will be used
     scalapack distributed-memory algorithm (size of sub-group:  4*  4 procs)

     GIPAW projectors -----------------------------------------------
     atom=Si     l=0  rc=    2.0000  rs=    1.3333
     atom=Si     l=0  rc=    2.0000  rs=    1.3333
     atom=Si     l=1  rc=    2.0000  rs=    1.3333
     atom=Si     l=1  rc=    2.0000  rs=    1.3333
     atom=Si     l=2  rc=    2.0000  rs=    1.3333
     atom=Si     l=2  rc=    2.0000  rs=    1.3333
     projs nearly linearly dependent: l=1  n1,n2= 1, 2  s=  0.99854623
     projs nearly linearly dependent: l=2  n1,n2= 1, 2  s=  0.99998260
 
     atom=O      l=0  rc=    1.4500  rs=    0.9667
     atom=O      l=0  rc=    1.4500  rs=    0.9667
     atom=O      l=1  rc=    1.4500  rs=    0.9667
     atom=O      l=1  rc=    1.4500  rs=    0.9667
     projs nearly linearly dependent: l=1  n1,n2= 1, 2  s= -0.99382826
     -----------------------------------------------------------------
 
     GIPAW integrals: -------------------------------------------
     Atom  i/j   nmr_para   nmr_dia   epr_rmc  epr_para   epr_dia
     Si    1 1   0.12E+04  0.28E+00  0.91E+01  0.33E+05  0.89E+01
     Si    2 1  -0.12E+04 -0.22E+00 -0.93E+01 -0.33E+05 -0.87E+01
     Si    2 2   0.12E+04  0.12E+00  0.94E+01  0.34E+05  0.86E+01
     Si    3 3   0.14E+02  0.32E+00  0.78E+01  0.36E+03  0.89E+01
     Si    4 3   0.14E+02  0.31E+00  0.79E+01  0.36E+03  0.88E+01
     Si    4 4   0.14E+02  0.30E+00  0.79E+01  0.37E+03  0.88E+01
     Si    5 5   0.13E+00  0.19E-01  0.20E+00  0.40E+01  0.39E+00
     Si    6 5   0.13E+00  0.19E-01  0.20E+00  0.41E+01  0.40E+00
     Si    6 6   0.13E+00  0.20E-01  0.21E+00  0.42E+01  0.41E+00
     O     1 1   0.94E+03  0.22E+00  0.82E+01  0.16E+05  0.59E+01
     O     2 1  -0.11E+04 -0.25E+00 -0.99E+01 -0.19E+05 -0.75E+01
     O     2 2   0.13E+04  0.29E+00  0.12E+02  0.22E+05  0.97E+01
     O     3 3   0.43E+01  0.13E+00  0.12E+01  0.98E+02  0.24E+01
     O     4 3  -0.53E+01 -0.19E+00 -0.16E+01 -0.12E+03 -0.33E+01
     O     4 4   0.64E+01  0.26E+00  0.23E+01  0.14E+03  0.45E+01
     ------------------------------------------------------------
 
     alpha_pv=     38.3483 eV
 
     Number of occupied bands for each k-point:
     k-point:     1    nbnd_occ=  24    spin=1
     k-point:     2    nbnd_occ=  24    spin=1
     k-point:     3    nbnd_occ=  24    spin=1
     k-point:     4    nbnd_occ=  24    spin=1
     k-point:     5    nbnd_occ=  24    spin=1
     k-point:     6    nbnd_occ=  24    spin=1
     k-point:     7    nbnd_occ=  24    spin=1
     k-point:     8    nbnd_occ=  24    spin=1
     k-point:     9    nbnd_occ=  24    spin=1
     k-point:    10    nbnd_occ=  24    spin=1
     k-point:    11    nbnd_occ=  24    spin=1
     k-point:    12    nbnd_occ=  24    spin=1
     k-point:    13    nbnd_occ=  24    spin=1
     k-point:    14    nbnd_occ=  24    spin=1
     k-point:    15    nbnd_occ=  24    spin=1
     k-point:    16    nbnd_occ=  24    spin=1
     k-point:    17    nbnd_occ=  24    spin=1
     k-point:    18    nbnd_occ=  24    spin=1
     k-point:    19    nbnd_occ=  24    spin=1
     k-point:    20    nbnd_occ=  24    spin=1
 
 
     Message from routine gipaw_summary:
     spline_ps is .false., expect some extrapolation errors
 
     q-space interpolation up to    96.00 Rydberg
 
     GIPAW job: efg                                                                             
 
 
     ELECTRIC FIELD GRADIENTS TENSORS IN Hartree/bohrradius^2:
 
     ----- bare term -----
     Si      1       -0.016453       -0.048556        0.013048
     Si      1       -0.048556        0.039432        0.007465
     Si      1        0.013048        0.007465       -0.022979
 
     Si      2       -0.016577        0.048473       -0.012965
     Si      2        0.048473        0.039593        0.007554
     Si      2       -0.012965        0.007554       -0.023016
 
     Si      3        0.067526        0.000046       -0.000025
     Si      3        0.000046       -0.044527       -0.015016
     Si      3       -0.000025       -0.015016       -0.022999
 
     O       4        0.043044       -0.077507        0.060484
     O       4       -0.077507       -0.040388        0.069814
     O       4        0.060484        0.069814       -0.002656
 
     O       5       -0.086367        0.002366       -0.089147
     O       5        0.002366        0.088898        0.016699
     O       5       -0.089147        0.016699       -0.002531
 
     O       6        0.047742        0.075341        0.030780
     O       6        0.075341       -0.044633       -0.086776
     O       6        0.030780       -0.086776       -0.003109
 
     O       7        0.034705        0.076310       -0.053926
     O       7        0.076310       -0.036266        0.069902
     O       7       -0.053926        0.069902        0.001561
 
     O       8       -0.084949       -0.007664        0.089057
     O       8       -0.007664        0.083505        0.012520
     O       8        0.089057        0.012520        0.001444
 
     O       9        0.047381       -0.068446       -0.033018
     O       9       -0.068446       -0.049394       -0.082157
     O       9       -0.033018       -0.082157        0.002012
 
     ----- ionic term -----
     Si      1        0.013316        0.040669       -0.011879
     Si      1        0.040669       -0.033651       -0.006858
     Si      1       -0.011879       -0.006858        0.020336
 
     Si      2        0.013316       -0.040669        0.011879
     Si      2       -0.040669       -0.033651       -0.006858
     Si      2        0.011879       -0.006858        0.020336
 
     Si      3       -0.057134        0.000000        0.000000
     Si      3        0.000000        0.036798        0.013714
     Si      3        0.000000        0.013714        0.020336
 
     O       4       -0.141456        0.279815       -0.289692
     O       4        0.279815        0.134902       -0.327260
     O       4       -0.289692       -0.327260        0.006554
 
     O       5        0.308142       -0.020241        0.428262
     O       5       -0.020241       -0.314696       -0.087251
     O       5        0.428262       -0.087251        0.006553
 
     O       6       -0.176515       -0.259574       -0.138569
     O       6       -0.259574        0.169962        0.414510
     O       6       -0.138569        0.414510        0.006553
 
     O       7       -0.141456       -0.279815        0.289692
     O       7       -0.279815        0.134902       -0.327260
     O       7        0.289692       -0.327260        0.006554
 
     O       8        0.308142        0.020241       -0.428262
     O       8        0.020241       -0.314696       -0.087251
     O       8       -0.428262       -0.087251        0.006553
 
     O       9       -0.176515        0.259574        0.138569
     O       9        0.259574        0.169962        0.414510
     O       9        0.138569        0.414510        0.006553
 
     ----- GIPAW term -----
     Si      1       -0.023977       -0.052978        0.015139
     Si      1       -0.052978        0.038615        0.003237
     Si      1        0.015139        0.003237       -0.014637
 
     Si      2       -0.023143        0.054413       -0.010233
     Si      2        0.054413        0.038307        0.011412
     Si      2       -0.010233        0.011412       -0.015164
 
     Si      3        0.069465       -0.001010       -0.004863
     Si      3       -0.001010       -0.054560       -0.014644
     Si      3       -0.004863       -0.014644       -0.014905
 
     O       4       -0.090059        0.189085       -0.211324
     O       4        0.189085        0.085802       -0.239690
     O       4       -0.211324       -0.239690        0.004257
 
     O       5        0.205848       -0.018583        0.314495
     O       5       -0.018583       -0.210213       -0.063801
     O       5        0.314495       -0.063801        0.004365
 
     O       6       -0.121776       -0.170308       -0.101486
     O       6       -0.170308        0.117904        0.303268
     O       6       -0.101486        0.303268        0.003872
 
     O       7       -0.097090       -0.190093        0.216781
     O       7       -0.190093        0.089280       -0.239530
     O       7        0.216781       -0.239530        0.007810
 
     O       8        0.207032        0.014162       -0.314574
     O       8        0.014162       -0.214741       -0.067344
     O       8       -0.314574       -0.067344        0.007710
 
     O       9       -0.122089        0.176124        0.099472
     O       9        0.176124        0.113894        0.307098
     O       9        0.099472        0.307098        0.008194
 
     ----- total EFG -----
     Si      1       -0.027114       -0.060865        0.016308
     Si      1       -0.060865        0.044395        0.003843
     Si      1        0.016308        0.003843       -0.017281
 
     Si      2       -0.026404        0.062217       -0.011319
     Si      2        0.062217        0.044249        0.012107
     Si      2       -0.011319        0.012107       -0.017845
 
     Si      3        0.079856       -0.000964       -0.004888
     Si      3       -0.000964       -0.062289       -0.015945
     Si      3       -0.004888       -0.015945       -0.017567
 
     O       4       -0.188472        0.391393       -0.440531
     O       4        0.391393        0.180316       -0.497136
     O       4       -0.440531       -0.497136        0.008156
 
     O       5        0.427623       -0.036458        0.653611
     O       5       -0.036458       -0.436011       -0.134353
     O       5        0.653611       -0.134353        0.008388
 
     O       6       -0.250550       -0.354541       -0.209275
     O       6       -0.354541        0.243233        0.631002
     O       6       -0.209275        0.631002        0.007317
 
     O       7       -0.203842       -0.393599        0.452546
     O       7       -0.393599        0.187916       -0.496888
     O       7        0.452546       -0.496888        0.015925
 
     O       8        0.430225        0.026739       -0.653780
     O       8        0.026739       -0.445932       -0.142075
     O       8       -0.653780       -0.142075        0.015707
 
     O       9       -0.251223        0.367251        0.205023
     O       9        0.367251        0.234463        0.639451
     O       9        0.205023        0.639451        0.016760
 
     ----- total EFG (symmetrized) -----
     Si      1       -0.026759       -0.061541        0.013813
     Si      1       -0.061541        0.044322        0.007975
     Si      1        0.013813        0.007975       -0.017563
 
     Si      2       -0.026759        0.061541       -0.013813
     Si      2        0.061541        0.044322        0.007975
     Si      2       -0.013813        0.007975       -0.017563
 
     Si      3        0.079856        0.000000        0.000000
     Si      3        0.000000       -0.062289       -0.015945
     Si      3        0.000000       -0.015945       -0.017567
 
     O       4       -0.196157        0.392496       -0.446539
     O       4        0.392496        0.184116       -0.497012
     O       4       -0.446539       -0.497012        0.012040
 
     O       5        0.428924       -0.031599        0.653695
     O       5       -0.031599       -0.440972       -0.138214
     O       5        0.653695       -0.138214        0.012047
 
     O       6       -0.250886       -0.360896       -0.207149
     O       6       -0.360896        0.238848        0.635227
     O       6       -0.207149        0.635227        0.012038
 
     O       7       -0.196157       -0.392496        0.446539
     O       7       -0.392496        0.184116       -0.497012
     O       7        0.446539       -0.497012        0.012040
 
     O       8        0.428924        0.031599       -0.653695
     O       8        0.031599       -0.440972       -0.138214
     O       8       -0.653695       -0.138214        0.012047
 
     O       9       -0.250886        0.360896        0.207149
     O       9        0.360896        0.238848        0.635227
     O       9        0.207149        0.635227        0.012038
 
 
     NQR/NMR SPECTROSCOPIC PARAMETERS:
     Si      1    Vxx=   -0.0125    axis=(  0.264039  0.152409  0.952394)
     Si      1    Vyy=   -0.0674    axis=(  0.824825  0.476149 -0.304869)
     Si      1    Vzz=    0.0798    axis=( -0.499947  0.866056  0.000011)
     Si      1  Q=         1.0000 1e-30 m^2  Cq=         0.1876 MHz  eta= 0.68798
 
     Si      2    Vxx=   -0.0125    axis=( -0.264039  0.152409  0.952394)
     Si      2    Vyy=   -0.0674    axis=( -0.824825  0.476149 -0.304869)
     Si      2    Vzz=    0.0798    axis=( -0.499947 -0.866056 -0.000011)
     Si      2  Q=         1.0000 1e-30 m^2  Cq=         0.1876 MHz  eta= 0.68798
 
     Si      3    Vxx=   -0.0125    axis=(  0.000000  0.304799 -0.952417)
     Si      3    Vyy=   -0.0674    axis=(  0.000000 -0.952417 -0.304799)
     Si      3    Vzz=    0.0799    axis=(  1.000000  0.000000  0.000000)
     Si      3  Q=         1.0000 1e-30 m^2  Cq=         0.1876 MHz  eta= 0.68782
 
     O       4    Vxx=   -0.3645    axis=(  0.411995 -0.755789 -0.508963)
     O       4    Vyy=   -0.5506    axis=(  0.781021  0.005211  0.624483)
     O       4    Vzz=    0.9151    axis=(  0.469325  0.654795 -0.592434)
     O       4  Q=         2.5500 1e-30 m^2  Cq=         5.4829 MHz  eta= 0.20330
 
     O       5    Vxx=   -0.3645    axis=(  0.448515  0.734754 -0.508891)
     O       5    Vyy=   -0.5506    axis=( -0.395066  0.673710  0.624530)
     O       5    Vzz=    0.9151    axis=( -0.801721  0.079065 -0.592446)
     O       5  Q=         2.5500 1e-30 m^2  Cq=         5.4828 MHz  eta= 0.20329
 
     O       6    Vxx=   -0.3646    axis=(  0.860538 -0.021103  0.508949)
     O       6    Vyy=   -0.5506    axis=( -0.385996 -0.678980  0.624495)
     O       6    Vzz=    0.9151    axis=( -0.332388  0.733854  0.592433)
     O       6  Q=         2.5500 1e-30 m^2  Cq=         5.4829 MHz  eta= 0.20327
 
     O       7    Vxx=   -0.3645    axis=(  0.411995  0.755789  0.508963)
     O       7    Vyy=   -0.5506    axis=(  0.781021 -0.005211 -0.624483)
     O       7    Vzz=    0.9151    axis=(  0.469325 -0.654795  0.592434)
     O       7  Q=         2.5500 1e-30 m^2  Cq=         5.4829 MHz  eta= 0.20330
 
     O       8    Vxx=   -0.3645    axis=(  0.448515 -0.734754  0.508891)
     O       8    Vyy=   -0.5506    axis=( -0.395066 -0.673710 -0.624530)
     O       8    Vzz=    0.9151    axis=( -0.801721 -0.079065  0.592446)
     O       8  Q=         2.5500 1e-30 m^2  Cq=         5.4828 MHz  eta= 0.20329
 
     O       9    Vxx=   -0.3646    axis=(  0.860538  0.021103 -0.508949)
     O       9    Vyy=   -0.5506    axis=( -0.385996  0.678980 -0.624495)
     O       9    Vzz=    0.9151    axis=( -0.332388 -0.733854 -0.592433)
     O       9  Q=         2.5500 1e-30 m^2  Cq=         5.4829 MHz  eta= 0.20327
 
     Initialization:
     gipaw_setup  :      0.03s CPU      0.03s WALL (       1 calls)
 
     Linear response
 
     Apply operators
 
     Induced current
 
     Other routines
     efg          :      0.07s CPU      0.10s WALL (       1 calls)
 
     General routines
     calbec       :      0.01s CPU      0.01s WALL (      20 calls)
     fft          :      0.01s CPU      0.06s WALL (      11 calls)
     ffts         :      0.00s CPU      0.00s WALL (       1 calls)
     fftw         :      0.04s CPU      0.05s WALL (     480 calls)
     davcio       :      0.01s CPU      0.01s WALL (      60 calls)
 
     Parallel routines
     fft_scatter  :      0.02s CPU      0.05s WALL (     492 calls)
 
     Plugins
 
 
     GIPAW        :      0.31s CPU      0.48s WALL

 
   This run was terminated on:  15:53: 5  24Sep2026            

=------------------------------------------------------------------------------=
   JOB DONE.
=------------------------------------------------------------------------------=
