
     Program GIPAW v.7.6 starts on 24Sep2026 at 15:53: 8 

     This program is part of the open-source Quantum ESPRESSO suite
     for quantum simulation of materials; please cite
         "P. Giannozzi et al., J. Phys.:Condens. Matter 21 395502 (2009);
         "P. Giannozzi et al., J. Phys.:Condens. Matter 29 465901 (2017);
         "P. Giannozzi et al., J. Chem. Phys. 152 154105 (2020);
          URL http://www.quantum-espresso.org", 
     in publications or presentations arising from this work. More details at
     http://www.quantum-espresso.org/quote

     Parallel version (MPI), running on    16 processors

     MPI processes distributed on     1 nodes
     R & G space division:  proc/nbgrp/npool/nimage =      16
     9716 MiB available memory on the printing compute node when the environment starts
 
 
     ***** This is GIPAW git revision 4ae3c458560c6d3f7eebf2aec748d36248d3a3dd *****
     ***** you can cite: N. Varini et al., Comp. Phys. Comm. 184, 1827 (2013)  *****
     ***** in publications or presentations arising from this work.            *****
 
     Parallelizing q-star over 1 images
     Waiting for input...
     Reading input from standard input

     Reading xml data from directory:

     /tmp/ceresoli/quartz.save/

     IMPORTANT: XC functional enforced from input :
     Exchange-correlation= PBE
                           (   1   4   3   4   0   0   0)
     Any further DFT definition will be discarded
     Please, verify this is what you really want

 
     Parallelization info
     --------------------
     sticks:   dense  smooth     PW     G-vecs:    dense   smooth      PW
     Min         118     118     33                 4602     4602     685
     Max         119     119     34                 4607     4607     688
     Sum        1903    1903    535                73661    73661   10993
 
     Using Slab Decomposition
 
     Reading collected, re-writing distributed wavefunctions
     Subspace diagonalization in iterative solution of the eigenvalue problem:
     one sub-group per band group will be used
     scalapack distributed-memory algorithm (size of sub-group:  4*  4 procs)

     GIPAW projectors -----------------------------------------------
     atom=Si     l=0  rc=    2.0000  rs=    1.3333
     atom=Si     l=0  rc=    2.0000  rs=    1.3333
     atom=Si     l=1  rc=    2.0000  rs=    1.3333
     atom=Si     l=1  rc=    2.0000  rs=    1.3333
     atom=Si     l=2  rc=    2.0000  rs=    1.3333
     atom=Si     l=2  rc=    2.0000  rs=    1.3333
     projs nearly linearly dependent: l=1  n1,n2= 1, 2  s=  0.99854623
     projs nearly linearly dependent: l=2  n1,n2= 1, 2  s=  0.99998260
 
     atom=O      l=0  rc=    1.4500  rs=    0.9667
     atom=O      l=0  rc=    1.4500  rs=    0.9667
     atom=O      l=1  rc=    1.4500  rs=    0.9667
     atom=O      l=1  rc=    1.4500  rs=    0.9667
     projs nearly linearly dependent: l=1  n1,n2= 1, 2  s= -0.99382826
     -----------------------------------------------------------------
 
     alpha_pv=     38.3483 eV
 
     Message from routine gipaw_summary:
     spline_ps is .false., expect some extrapolation errors
 
     q-space interpolation up to    96.00 Rydberg
 
     GIPAW job: nmr                                                                             
     NMR macroscopic correction: yes
             0.6667          0.0000          0.0000
             0.0000          0.6667          0.0000
             0.0000          0.0000          0.6667

 
     Largest allocated arrays     est. size (Mb)     dimensions
        KS wavefunctions at k           0.22 Mb     (     589,   24)
        KS wavefunctions at k+q         0.22 Mb     (     589,   24)
        First-order wavefunctions       2.16 Mb     (     589,   24, 10)
        Charge/spin density             0.09 Mb     (   11664,    1)
        Induced current                 0.80 Mb     (   11664,    3,3,1)
        Induced magnetic field          0.80 Mb     (   11664,    3,3,1)
        NL pseudopotentials             0.16 Mb     (     589,   18)
        GIPAW NL terms                  0.92 Mb     (     589,  102)
 
     Computing the magnetic susceptibility     isolve=1    ethr=  0.1000E-13
     Starting from scratch
     k-point #    1 of    20      pool #  1    cpu time:       0.5
     Rotating WFCS
     Rotating WFCS
     Rotating WFCS
     Rotating WFCS
     Rotating WFCS
     Rotating WFCS
     Rotating WFCS
 
     k-point #    2 of    20      pool #  1    cpu time:       6.0
     Rotating WFCS
     Rotating WFCS
     Rotating WFCS
     Rotating WFCS
     Rotating WFCS
     Rotating WFCS
     Rotating WFCS
 
     k-point #    3 of    20      pool #  1    cpu time:      12.2
     Rotating WFCS
     Rotating WFCS
     Rotating WFCS
     Rotating WFCS
     Rotating WFCS
     Rotating WFCS
     Rotating WFCS
 
     k-point #    4 of    20      pool #  1    cpu time:      19.5
     Rotating WFCS
     Rotating WFCS
     Rotating WFCS
     Rotating WFCS
     Rotating WFCS
     Rotating WFCS
     Rotating WFCS
 
     k-point #    5 of    20      pool #  1    cpu time:      26.0
     Rotating WFCS
     Rotating WFCS
     Rotating WFCS
     Rotating WFCS
     Rotating WFCS
     Rotating WFCS
     Rotating WFCS
 
     k-point #    6 of    20      pool #  1    cpu time:      33.1
     Rotating WFCS
     Rotating WFCS
     Rotating WFCS
     Rotating WFCS
     Rotating WFCS
     Rotating WFCS
     Rotating WFCS
 
     k-point #    7 of    20      pool #  1    cpu time:      40.2
     Rotating WFCS
     Rotating WFCS
     Rotating WFCS
     Rotating WFCS
     Rotating WFCS
     Rotating WFCS
     Rotating WFCS
 
     k-point #    8 of    20      pool #  1    cpu time:      47.3
     Rotating WFCS
     Rotating WFCS
     Rotating WFCS
     Rotating WFCS
     Rotating WFCS
     Rotating WFCS
     Rotating WFCS
 
     k-point #    9 of    20      pool #  1    cpu time:      54.9
     Rotating WFCS
     Rotating WFCS
     Rotating WFCS
     Rotating WFCS
     Rotating WFCS
     Rotating WFCS
     Rotating WFCS
 
     k-point #   10 of    20      pool #  1    cpu time:      62.2
     Rotating WFCS
     Rotating WFCS
     Rotating WFCS
     Rotating WFCS
     Rotating WFCS
     Rotating WFCS
     Rotating WFCS
 
     k-point #   11 of    20      pool #  1    cpu time:      69.1
     Rotating WFCS
     Rotating WFCS
     Rotating WFCS
     Rotating WFCS
     Rotating WFCS
     Rotating WFCS
     Rotating WFCS
 
     k-point #   12 of    20      pool #  1    cpu time:      76.3
     Rotating WFCS
     Rotating WFCS
     Rotating WFCS
     Rotating WFCS
     Rotating WFCS
     Rotating WFCS
     Rotating WFCS
 
     k-point #   13 of    20      pool #  1    cpu time:      83.4
     Rotating WFCS
     Rotating WFCS
     Rotating WFCS
     Rotating WFCS
     Rotating WFCS
     Rotating WFCS
     Rotating WFCS
 
     k-point #   14 of    20      pool #  1    cpu time:      90.5
     Rotating WFCS
     Rotating WFCS
     Rotating WFCS
     Rotating WFCS
     Rotating WFCS
     Rotating WFCS
     Rotating WFCS
 
     k-point #   15 of    20      pool #  1    cpu time:      97.5
     Rotating WFCS
     Rotating WFCS
     Rotating WFCS
     Rotating WFCS
     Rotating WFCS
     Rotating WFCS
     Rotating WFCS
 
     k-point #   16 of    20      pool #  1    cpu time:     105.5
     Rotating WFCS
     Rotating WFCS
     Rotating WFCS
     Rotating WFCS
     Rotating WFCS
     Rotating WFCS
     Rotating WFCS
 
     k-point #   17 of    20      pool #  1    cpu time:     112.7
     Rotating WFCS
     Rotating WFCS
     Rotating WFCS
     Rotating WFCS
     Rotating WFCS
     Rotating WFCS
     Rotating WFCS
 
     k-point #   18 of    20      pool #  1    cpu time:     120.0
     Rotating WFCS
     Rotating WFCS
     Rotating WFCS
     Rotating WFCS
     Rotating WFCS
     Rotating WFCS
     Rotating WFCS
 
     k-point #   19 of    20      pool #  1    cpu time:     127.4
     Rotating WFCS
     Rotating WFCS
     Rotating WFCS
     Rotating WFCS
     Rotating WFCS
     Rotating WFCS
     Rotating WFCS
 
     k-point #   20 of    20      pool #  1    cpu time:     134.8
     Rotating WFCS
     Rotating WFCS
     Rotating WFCS
     Rotating WFCS
     Rotating WFCS
     Rotating WFCS
     Rotating WFCS
 
     End of magnetic susceptibility calculation
 
     f-sum rule (1st term):
           -48.0013          0.0000          0.0000
             0.0000        -48.0009         -0.0000
             0.0000         -0.0000        -48.0012

     f-sum rule (2nd term):
             0.0000          0.0000          0.0000
             0.0000          0.0000          0.0000
             0.0000          0.0000          0.0000

     f-sum rule (should be   -48.0000):
           -48.0013          0.0000          0.0000
             0.0000        -48.0009         -0.0000
             0.0000         -0.0000        -48.0012

     chi_bare pGv (HH) in paratec units:
       -14.385772      0.026265     -0.418455
        -0.001436    -14.386135     -0.012423
        -0.430256      0.001887    -14.453002

       -14.385772      0.000000      0.000000
         0.000000    -14.386135     -0.012423
         0.000000      0.001887    -14.453002

     chi_bare vGv (VV) in paratec units:
       -13.528674      0.000681     -0.246418
         0.000700    -13.528196     -0.002987
        -0.246377     -0.002957    -13.596589

       -13.528674      0.000000      0.000000
         0.000000    -13.528196     -0.002987
         0.000000     -0.002957    -13.596589

     chi_bare pGv (HH) in 10^{-6} cm^3/mol:
           -68.3625          0.0000          0.0000
             0.0000        -68.3643         -0.0590
             0.0000          0.0090        -68.6820

     chi_bare vGv (VV) in 10^{-6} cm^3/mol:
           -64.2895          0.0000          0.0000
             0.0000        -64.2873         -0.0142
             0.0000         -0.0141        -64.6123

     Contributions to the NMR chemical shifts: -------------------------------
 
     Macroscopic shape contribution in ppm:                    8.43
             8.4213          0.0000          0.0000
             0.0000          8.4216          0.0000
             0.0000          0.0000          8.4607

 
     Core contribution in ppm:
 
     Atom  1  Si  pos: (  0.470100 -0.814241  0.733333)  core sigma:         837.91
     Atom  2  Si  pos: (  0.470100  0.814241  1.466667)  core sigma:         837.91
     Atom  3  Si  pos: ( -0.940200  0.000000  0.000000)  core sigma:         837.91
     Atom  4  O   pos: (  0.681300 -0.253747  0.471680)  core sigma:         270.67
     Atom  5  O   pos: ( -0.120900  0.716899  1.205013)  core sigma:         270.67
     Atom  6  O   pos: ( -0.560400 -0.463152  1.938347)  core sigma:         270.67
     Atom  7  O   pos: (  0.681300  0.253747 -0.471680)  core sigma:         270.67
     Atom  8  O   pos: ( -0.120900 -0.716899  0.994987)  core sigma:         270.67
     Atom  9  O   pos: ( -0.560400  0.463152  0.261653)  core sigma:         270.67
 
     Bare contribution in ppm:
 
     Atom  1  Si  pos: (  0.470100 -0.814241  0.733333)  bare sigma:         -27.93
           -27.3384          1.2580          0.3598
             1.2579        -28.7910          0.2079
            -0.9426         -0.5439        -27.6619

     Atom  2  Si  pos: (  0.470100  0.814241  1.466667)  bare sigma:         -27.93
           -27.3384         -1.2580         -0.3598
            -1.2579        -28.7910          0.2079
             0.9426         -0.5439        -27.6619

     Atom  3  Si  pos: ( -0.940200  0.000000  0.000000)  bare sigma:         -27.93
           -29.5183          0.0000          0.0000
            -0.0000        -26.6114         -0.4158
             0.0000          1.0882        -27.6618

     Atom  4  O   pos: (  0.681300 -0.253747  0.471680)  bare sigma:          18.86
            12.1248         12.4362        -11.0397
            11.9229         24.6716        -15.2696
           -11.5262        -14.8772         19.7798

     Atom  5  O   pos: ( -0.120900  0.716899  1.205013)  bare sigma:          18.86
            32.1002         -0.3891         18.7396
            -0.9032          4.6941         -1.9374
            18.6316         -2.5542         19.7726

     Atom  6  O   pos: ( -0.560400 -0.463152  1.938347)  bare sigma:          18.86
            11.0070        -11.2769         -7.6984
           -11.7901         25.7829         17.1856
            -7.1151         17.4068         19.7767

     Atom  7  O   pos: (  0.681300  0.253747 -0.471680)  bare sigma:          18.86
            12.1248        -12.4362         11.0397
           -11.9229         24.6716        -15.2696
            11.5262        -14.8772         19.7798

     Atom  8  O   pos: ( -0.120900 -0.716899  0.994987)  bare sigma:          18.86
            32.1002          0.3891        -18.7396
             0.9032          4.6941         -1.9374
           -18.6316         -2.5542         19.7726

     Atom  9  O   pos: ( -0.560400  0.463152  0.261653)  bare sigma:          18.86
            11.0070         11.2769          7.6984
            11.7901         25.7829         17.1856
             7.1151         17.4068         19.7767

     Diamagnetic contribution in ppm:
 
     Atom  1  Si  pos: (  0.470100 -0.814241  0.733333)  dia sigma:           5.41
             5.4078         -0.0118          0.0033
            -0.0118          5.4214          0.0019
             0.0033          0.0019          5.4092

     Atom  2  Si  pos: (  0.470100  0.814241  1.466667)  dia sigma:           5.41
             5.4078          0.0118         -0.0033
             0.0118          5.4214          0.0019
            -0.0033          0.0019          5.4092

     Atom  3  Si  pos: ( -0.940200  0.000000  0.000000)  dia sigma:           5.41
             5.4283          0.0000          0.0000
             0.0000          5.4010         -0.0039
             0.0000         -0.0039          5.4092

     Atom  4  O   pos: (  0.681300 -0.253747  0.471680)  dia sigma:           7.81
             7.7704          0.0731         -0.0816
             0.0731          7.8394         -0.0916
            -0.0816         -0.0916          7.8079

     Atom  5  O   pos: ( -0.120900  0.716899  1.205013)  dia sigma:           7.81
             7.8854         -0.0067          0.1201
            -0.0067          7.7243         -0.0248
             0.1201         -0.0248          7.8079

     Atom  6  O   pos: ( -0.560400 -0.463152  1.938347)  dia sigma:           7.81
             7.7588         -0.0664         -0.0385
            -0.0664          7.8510          0.1164
            -0.0385          0.1164          7.8079

     Atom  7  O   pos: (  0.681300  0.253747 -0.471680)  dia sigma:           7.81
             7.7704         -0.0731          0.0816
            -0.0731          7.8394         -0.0916
             0.0816         -0.0916          7.8079

     Atom  8  O   pos: ( -0.120900 -0.716899  0.994987)  dia sigma:           7.81
             7.8854          0.0067         -0.1201
             0.0067          7.7243         -0.0248
            -0.1201         -0.0248          7.8079

     Atom  9  O   pos: ( -0.560400  0.463152  0.261653)  dia sigma:           7.81
             7.7588          0.0664          0.0385
             0.0664          7.8510          0.1164
             0.0385          0.1164          7.8079

     Paramagnetic contribution in ppm:
 
     Atom  1  Si  pos: (  0.470100 -0.814241  0.733333)  para sigma:        -384.02
          -383.2505         -0.4263          5.8008
            -0.4264       -382.7709          3.3439
           -10.4588         -6.0392       -386.0461

     Atom  2  Si  pos: (  0.470100  0.814241  1.466667)  para sigma:        -384.02
          -383.2505          0.4263         -5.8008
             0.4264       -382.7709          3.3439
            10.4588         -6.0392       -386.0461

     Atom  3  Si  pos: ( -0.940200  0.000000  0.000000)  para sigma:        -384.02
          -382.5234          0.0000          0.0000
             0.0000       -383.4950         -6.6953
             0.0000         12.0780       -386.0422

     Atom  4  O   pos: (  0.681300 -0.253747  0.471680)  para sigma:         -89.88
           -95.1094         10.0629         -8.9920
             9.6775        -85.4273        -12.7515
            -9.4008        -12.4051        -89.1089

     Atom  5  O   pos: ( -0.120900  0.716899  1.205013)  para sigma:         -89.88
           -79.2862         -0.5411         15.5360
            -0.9271       -101.2533         -1.4210
            15.4309         -1.9474        -89.1153

     Atom  6  O   pos: ( -0.560400 -0.463152  1.938347)  para sigma:         -89.88
           -96.3797         -8.9434         -6.5427
            -9.3289        -84.1621         14.1554
            -6.0383         14.3328        -89.1112

     Atom  7  O   pos: (  0.681300  0.253747 -0.471680)  para sigma:         -89.88
           -95.1094        -10.0629          8.9920
            -9.6775        -85.4273        -12.7515
             9.4008        -12.4051        -89.1089

     Atom  8  O   pos: ( -0.120900 -0.716899  0.994987)  para sigma:         -89.88
           -79.2862          0.5411        -15.5360
             0.9271       -101.2533         -1.4210
           -15.4309         -1.9474        -89.1153

     Atom  9  O   pos: ( -0.560400  0.463152  0.261653)  para sigma:         -89.88
           -96.3797          8.9434          6.5427
             9.3289        -84.1621         14.1554
             6.0383         14.3328        -89.1112

 
     Total NMR chemical shifts in ppm: -------------------------------------------------
     (adopting the Simpson convention for anisotropy and asymmetry on a shielding scale)
 
     Atom  1  Si  pos: (  0.470100 -0.814241  0.733333)  Total sigma:         439.81
           441.1530          0.8199          6.1640
             0.8197        440.1937          3.5537
           -11.3981         -6.5811        438.0746

     Si      1    anisotropy:      3.55    eta:    0.9529
     Si      1    sigma_xx=    436.34    axis=(  0.429634  0.249684  0.867797)
     Si      1    sigma_yy=    439.72    axis=( -0.499874  0.866097 -0.001714)
     Si      1    sigma_zz=    443.35    axis=( -0.752024 -0.433053  0.496915)
 
     Atom  2  Si  pos: (  0.470100  0.814241  1.466667)  Total sigma:         439.81
           441.1530         -0.8199         -6.1640
            -0.8197        440.1937          3.5537
            11.3981         -6.5811        438.0746

     Si      2    anisotropy:      3.55    eta:    0.9529
     Si      2    sigma_xx=    436.34    axis=( -0.429634  0.249684  0.867797)
     Si      2    sigma_yy=    439.72    axis=( -0.499874 -0.866097  0.001714)
     Si      2    sigma_zz=    443.35    axis=(  0.752024 -0.433053  0.496915)
 
     Atom  3  Si  pos: ( -0.940200  0.000000  0.000000)  Total sigma:         439.81
           439.7206          0.0000          0.0000
            -0.0000        441.6288         -7.1150
             0.0000         13.1624        438.0786

     Si      3    anisotropy:      3.55    eta:    0.9500
     Si      3    sigma_xx=    436.35    axis=(  0.000000  0.496850 -0.867836)
     Si      3    sigma_yy=    439.72    axis=(  1.000000 -0.000000  0.000000)
     Si      3    sigma_zz=    443.36    axis=(  0.000000  0.867836  0.496850)
 
     Atom  4  O   pos: (  0.681300 -0.253747  0.471680)  Total sigma:         215.89
           203.8759         22.5722        -20.1132
            21.6735        226.1740        -28.1126
           -21.0085        -27.3739        217.6083

     O       4    anisotropy:     49.01    eta:    0.1087
     O       4    sigma_xx=    188.72    axis=(  0.877428 -0.192940  0.439197)
     O       4    sigma_yy=    194.05    axis=( -0.183004  0.711681  0.678248)
     O       4    sigma_zz=    264.89    axis=( -0.443429 -0.675489  0.589140)
 
     Atom  5  O   pos: ( -0.120900  0.716899  1.205013)  Total sigma:         215.88
           239.7895         -0.9368         34.3956
            -1.8370        190.2555         -3.3833
            34.1825         -4.5265        217.5947

     O       5    anisotropy:     49.01    eta:    0.1102
     O       5    sigma_xx=    188.67    axis=( -0.270519  0.857330  0.437955)
     O       5    sigma_yy=    194.08    axis=( -0.525076 -0.512690  0.679297)
     O       5    sigma_zz=    264.89    axis=(  0.806917 -0.046197  0.588856)
 
     Atom  6  O   pos: ( -0.560400 -0.463152  1.938347)  Total sigma:         215.88
           201.4762        -20.2867        -14.2796
           -21.1854        228.5622         31.4573
           -13.1919         31.8561        217.6029

     O       6    anisotropy:     48.98    eta:    0.1098
     O       6    sigma_xx=    188.70    axis=( -0.604869 -0.663903  0.439734)
     O       6    sigma_yy=    194.08    axis=(  0.708403 -0.196383  0.677937)
     O       6    sigma_zz=    264.86    axis=( -0.363728  0.721573  0.589097)
 
     Atom  7  O   pos: (  0.681300  0.253747 -0.471680)  Total sigma:         215.89
           203.8759        -22.5722         20.1132
           -21.6735        226.1740        -28.1126
            21.0085        -27.3739        217.6083

     O       7    anisotropy:     49.01    eta:    0.1087
     O       7    sigma_xx=    188.72    axis=(  0.877428  0.192940 -0.439197)
     O       7    sigma_yy=    194.05    axis=(  0.183004  0.711681  0.678248)
     O       7    sigma_zz=    264.89    axis=(  0.443429 -0.675489  0.589140)
 
     Atom  8  O   pos: ( -0.120900 -0.716899  0.994987)  Total sigma:         215.88
           239.7895          0.9368        -34.3956
             1.8370        190.2555         -3.3833
           -34.1825         -4.5265        217.5947

     O       8    anisotropy:     49.01    eta:    0.1102
     O       8    sigma_xx=    188.67    axis=( -0.270519 -0.857330 -0.437955)
     O       8    sigma_yy=    194.08    axis=(  0.525076 -0.512690  0.679297)
     O       8    sigma_zz=    264.89    axis=( -0.806917 -0.046197  0.588856)
 
     Atom  9  O   pos: ( -0.560400  0.463152  0.261653)  Total sigma:         215.88
           201.4762         20.2867         14.2796
            21.1854        228.5622         31.4573
            13.1919         31.8561        217.6029

     O       9    anisotropy:     48.98    eta:    0.1098
     O       9    sigma_xx=    188.70    axis=( -0.604869  0.663903 -0.439734)
     O       9    sigma_yy=    194.08    axis=( -0.708403 -0.196383  0.677937)
     O       9    sigma_zz=    264.86    axis=(  0.363728  0.721573  0.589097)
 
     Initialization:
     gipaw_setup  :      0.03s CPU      0.03s WALL (       1 calls)
 
     Linear response
     greenf       :     82.48s CPU     85.47s WALL (     420 calls)
     cgsolve      :     82.14s CPU     85.12s WALL (     420 calls)
     ch_psi       :     80.32s CPU     83.21s WALL (   11363 calls)
     h_psiq       :     74.68s CPU     77.37s WALL (   11363 calls)
 
     Apply operators
     h_psi        :    104.46s CPU    109.21s WALL (  111574 calls)
     apply_vel    :      0.43s CPU      0.46s WALL (     420 calls)
 
     Induced current
     j_para       :      9.69s CPU     10.08s WALL (     240 calls)
     biot_savart  :      0.01s CPU      0.01s WALL (       1 calls)
 
     Other routines
 
     General routines
     calbec       :      8.33s CPU      8.80s WALL (  236169 calls)
     fft          :      0.02s CPU      0.07s WALL (      29 calls)
     fftw         :     99.81s CPU    104.29s WALL (  827938 calls)
     davcio       :      0.04s CPU      0.06s WALL (     320 calls)
 
     Parallel routines
     fft_scatter  :     29.10s CPU     30.61s WALL (  827967 calls)
 
     Plugins
 
 
     GIPAW        :   2m15.22s CPU   2m21.85s WALL

 
   This run was terminated on:  15:55:30  24Sep2026            

=------------------------------------------------------------------------------=
   JOB DONE.
=------------------------------------------------------------------------------=
