
     Program GIPAW v.7.6 starts on 24Sep2026 at 15:58:41 

     This program is part of the open-source Quantum ESPRESSO suite
     for quantum simulation of materials; please cite
         "P. Giannozzi et al., J. Phys.:Condens. Matter 21 395502 (2009);
         "P. Giannozzi et al., J. Phys.:Condens. Matter 29 465901 (2017);
         "P. Giannozzi et al., J. Chem. Phys. 152 154105 (2020);
          URL http://www.quantum-espresso.org", 
     in publications or presentations arising from this work. More details at
     http://www.quantum-espresso.org/quote

     Parallel version (MPI), running on    16 processors

     MPI processes distributed on     1 nodes
     R & G space division:  proc/nbgrp/npool/nimage =      16
     9732 MiB available memory on the printing compute node when the environment starts
 
 
     ***** This is GIPAW git revision 4ae3c458560c6d3f7eebf2aec748d36248d3a3dd *****
     ***** you can cite: N. Varini et al., Comp. Phys. Comm. 184, 1827 (2013)  *****
     ***** in publications or presentations arising from this work.            *****
 
     Parallelizing q-star over 1 images
     Waiting for input...
     Reading input from standard input
 
     ------------------- Input file: --------------------
&inputgipaw
        job = 'nmr'
        prefix = 'urea'
        tmp_dir = '/tmp/ceresoli/'
        restart_mode = 'from_scratch'
        diagonalization = 'david'
        verbosity = 'high'
        q_gipaw = 0.01
        use_nmr_macroscopic_shape = .false.
/

 

     Reading xml data from directory:

     /tmp/ceresoli/urea.save/

     IMPORTANT: XC functional enforced from input :
     Exchange-correlation= PBE
                           (   1   4   3   4   0   0   0)
     Any further DFT definition will be discarded
     Please, verify this is what you really want

 
     Parallelization info
     --------------------
     sticks:   dense  smooth     PW     G-vecs:    dense   smooth      PW
     Min         205     205     55                 7339     7339    1029
     Max         206     206     56                 7342     7342    1031
     Sum        3289    3289    885               117437   117437   16479
 
     Using Slab Decomposition
 
     Reading collected, re-writing distributed wavefunctions
     Subspace diagonalization in iterative solution of the eigenvalue problem:
     one sub-group per band group will be used
     scalapack distributed-memory algorithm (size of sub-group:  4*  4 procs)

     GIPAW projectors -----------------------------------------------
     atom=C      l=0  rc=    1.7500  rs=    1.1667
     atom=C      l=0  rc=    1.7500  rs=    1.1667
     atom=C      l=1  rc=    1.7500  rs=    1.1667
     atom=C      l=1  rc=    1.7500  rs=    1.1667
     projs nearly linearly dependent: l=1  n1,n2= 1, 2  s= -0.99430547
 
     atom=O      l=0  rc=    1.7500  rs=    1.1667
     atom=O      l=0  rc=    1.7500  rs=    1.1667
     atom=O      l=1  rc=    1.7500  rs=    1.1667
     atom=O      l=1  rc=    1.7500  rs=    1.1667
     projs nearly linearly dependent: l=1  n1,n2= 1, 2  s= -0.99430547
 
     atom=N      l=0  rc=    1.5000  rs=    1.0000
     atom=N      l=0  rc=    1.5000  rs=    1.0000
     atom=N      l=1  rc=    1.5000  rs=    1.0000
     atom=N      l=1  rc=    1.5000  rs=    1.0000
     projs nearly linearly dependent: l=1  n1,n2= 1, 2  s= -0.99478590
 
     atom=H      l=0  rc=    1.2000  rs=    0.8000
     atom=H      l=0  rc=    1.2000  rs=    0.8000
     projs nearly linearly dependent: l=0  n1,n2= 1, 2  s= -0.99707079
     -----------------------------------------------------------------
 
     GIPAW integrals: -------------------------------------------
     Atom  i/j   nmr_para   nmr_dia   epr_rmc  epr_para   epr_dia
     C     1 1   0.44E+03  0.21E+00  0.50E+01  0.54E+04  0.35E+01
     C     2 1  -0.50E+03 -0.22E+00 -0.58E+01 -0.62E+04 -0.42E+01
     C     2 2   0.58E+03  0.23E+00  0.68E+01  0.72E+04  0.50E+01
     C     3 3   0.15E+01  0.70E-01  0.47E+00  0.26E+02  0.95E+00
     C     4 3  -0.18E+01 -0.10E+00 -0.67E+00 -0.32E+02 -0.13E+01
     C     4 4   0.23E+01  0.15E+00  0.95E+00  0.38E+02  0.19E+01
     O     1 1   0.44E+03  0.21E+00  0.50E+01  0.54E+04  0.35E+01
     O     2 1  -0.50E+03 -0.22E+00 -0.58E+01 -0.62E+04 -0.42E+01
     O     2 2   0.58E+03  0.23E+00  0.68E+01  0.72E+04  0.50E+01
     O     3 3   0.15E+01  0.70E-01  0.47E+00  0.26E+02  0.95E+00
     O     4 3  -0.18E+01 -0.10E+00 -0.67E+00 -0.32E+02 -0.13E+01
     O     4 4   0.23E+01  0.15E+00  0.95E+00  0.38E+02  0.19E+01
     N     1 1   0.70E+03  0.24E+00  0.70E+01  0.10E+05  0.49E+01
     N     2 1  -0.81E+03 -0.26E+00 -0.81E+01 -0.12E+05 -0.57E+01
     N     2 2   0.93E+03  0.27E+00  0.94E+01  0.14E+05  0.69E+01
     N     3 3   0.26E+01  0.89E-01  0.73E+00  0.55E+02  0.15E+01
     N     4 3  -0.32E+01 -0.13E+00 -0.10E+01 -0.65E+02 -0.20E+01
     N     4 4   0.39E+01  0.18E+00  0.14E+01  0.77E+02  0.28E+01
     H     1 1   0.26E+02  0.66E-01  0.98E-01  0.15E+03  0.20E+00
     H     2 1  -0.30E+02 -0.85E-01 -0.13E+00 -0.17E+03 -0.26E+00
     H     2 2   0.35E+02  0.11E+00  0.18E+00  0.19E+03  0.36E+00
     ------------------------------------------------------------
 
     alpha_pv=     38.2970 eV
 
     Number of occupied bands for each k-point:
     k-point:     1    nbnd_occ=  22    spin=1
     k-point:     2    nbnd_occ=  22    spin=1
     k-point:     3    nbnd_occ=  22    spin=1
     k-point:     4    nbnd_occ=  22    spin=1
     k-point:     5    nbnd_occ=  22    spin=1
     k-point:     6    nbnd_occ=  22    spin=1
 
 
     Message from routine gipaw_summary:
     spline_ps is .false., expect some extrapolation errors
 
     q-space interpolation up to   108.00 Rydberg
 
     GIPAW job: nmr                                                                             
     NMR macroscopic correction: no
 
     Largest allocated arrays     est. size (Mb)     dimensions
        KS wavefunctions at k           0.31 Mb     (     928,   22)
        KS wavefunctions at k+q         0.31 Mb     (     928,   22)
        First-order wavefunctions       3.12 Mb     (     928,   22, 10)
        Charge/spin density             0.16 Mb     (   20736,    1)
        Induced current                 1.42 Mb     (   20736,    3,3,1)
        Induced magnetic field          1.42 Mb     (   20736,    3,3,1)
        NL pseudopotentials             0.11 Mb     (     928,    8)
        GIPAW NL terms                  1.13 Mb     (     928,   80)
 
     Computing the magnetic susceptibility     isolve=0    ethr=  0.1000E-13
     Starting from scratch
     k-point #    1 of     6      pool #  1    cpu time:       0.4
     compute_u_kq: q = (    0.0000,    0.0000,    0.0000)
     Rotating WFCS
     ethr =  1.00E-14,  avg # of iterations = 14.0
     eigenvalues at k:
 -17.9849 -17.6520 -15.3639 -15.3639 -11.1436 -11.1042  -8.5480  -8.3856
  -7.2456  -6.7927  -6.7927  -6.3792  -5.6825  -5.6825  -3.5723  -3.5723
  -1.0171  -0.9296  -0.1189   0.3192   0.9158   0.9158
     eigenvalues at k+q:
 -17.9849 -17.6520 -15.3638 -15.3638 -11.1436 -11.1042  -8.5480  -8.3856
  -7.2456  -6.7926  -6.7926  -6.3792  -5.6825  -5.6825  -3.5723  -3.5723
  -1.0171  -0.9296  -0.1189   0.3192   0.9157   0.9157
     cgsolve_all iterations  27    anorm=    0.67E-07
     cgsolve_all iterations  27    anorm=    0.68E-07
     cgsolve_all iterations  25    anorm=    0.53E-07
     compute_u_kq: q = (    0.0170,    0.0000,    0.0000)
     Rotating WFCS
     ethr =  1.00E-14,  avg # of iterations = 23.0
     eigenvalues at k:
 -17.9849 -17.6520 -15.3639 -15.3639 -11.1436 -11.1042  -8.5480  -8.3856
  -7.2456  -6.7927  -6.7927  -6.3792  -5.6825  -5.6825  -3.5723  -3.5723
  -1.0171  -0.9296  -0.1189   0.3192   0.9158   0.9158
     eigenvalues at k+q:
 -17.9847 -17.6522 -15.3638 -15.3638 -11.1436 -11.1042  -8.5478  -8.3854
  -7.2462  -6.7926  -6.7926  -6.3816  -5.6814  -5.6804  -3.5727  -3.5727
  -1.0159  -0.9290  -0.1196   0.3184   0.9161   0.9161
     cgsolve_all iterations  30    anorm=    0.60E-07
     cgsolve_all iterations  29    anorm=    0.68E-07
     cgsolve_all iterations  31    anorm=    0.59E-07
     compute_u_kq: q = (   -0.0170,    0.0000,    0.0000)
     Rotating WFCS
     ethr =  1.00E-14,  avg # of iterations = 24.0
     eigenvalues at k:
 -17.9849 -17.6520 -15.3639 -15.3639 -11.1436 -11.1042  -8.5480  -8.3856
  -7.2456  -6.7927  -6.7927  -6.3792  -5.6825  -5.6825  -3.5723  -3.5723
  -1.0171  -0.9296  -0.1189   0.3192   0.9158   0.9158
     eigenvalues at k+q:
 -17.9847 -17.6522 -15.3638 -15.3638 -11.1436 -11.1042  -8.5478  -8.3854
  -7.2462  -6.7926  -6.7926  -6.3816  -5.6814  -5.6804  -3.5727  -3.5727
  -1.0159  -0.9290  -0.1196   0.3184   0.9161   0.9161
     cgsolve_all iterations  30    anorm=    0.60E-07
     cgsolve_all iterations  29    anorm=    0.68E-07
     cgsolve_all iterations  31    anorm=    0.59E-07
     compute_u_kq: q = (    0.0000,    0.0170,    0.0000)
     Rotating WFCS
     ethr =  1.00E-14,  avg # of iterations = 23.0
     eigenvalues at k:
 -17.9849 -17.6520 -15.3639 -15.3639 -11.1436 -11.1042  -8.5480  -8.3856
  -7.2456  -6.7927  -6.7927  -6.3792  -5.6825  -5.6825  -3.5723  -3.5723
  -1.0171  -0.9296  -0.1189   0.3192   0.9158   0.9158
     eigenvalues at k+q:
 -17.9847 -17.6522 -15.3638 -15.3638 -11.1436 -11.1042  -8.5478  -8.3854
  -7.2462  -6.7926  -6.7926  -6.3816  -5.6814  -5.6804  -3.5727  -3.5727
  -1.0159  -0.9290  -0.1196   0.3184   0.9161   0.9161
     cgsolve_all iterations  29    anorm=    0.68E-07
     cgsolve_all iterations  30    anorm=    0.60E-07
     cgsolve_all iterations  31    anorm=    0.59E-07
     compute_u_kq: q = (    0.0000,   -0.0170,    0.0000)
     Rotating WFCS
     ethr =  1.00E-14,  avg # of iterations = 23.0
     eigenvalues at k:
 -17.9849 -17.6520 -15.3639 -15.3639 -11.1436 -11.1042  -8.5480  -8.3856
  -7.2456  -6.7927  -6.7927  -6.3792  -5.6825  -5.6825  -3.5723  -3.5723
  -1.0171  -0.9296  -0.1189   0.3192   0.9158   0.9158
     eigenvalues at k+q:
 -17.9847 -17.6522 -15.3638 -15.3638 -11.1436 -11.1042  -8.5478  -8.3854
  -7.2462  -6.7926  -6.7926  -6.3816  -5.6814  -5.6804  -3.5727  -3.5727
  -1.0159  -0.9290  -0.1196   0.3184   0.9161   0.9161
     cgsolve_all iterations  29    anorm=    0.68E-07
     cgsolve_all iterations  30    anorm=    0.60E-07
     cgsolve_all iterations  31    anorm=    0.59E-07
     compute_u_kq: q = (    0.0000,    0.0000,    0.0170)
     Rotating WFCS
     ethr =  1.00E-14,  avg # of iterations = 29.0
     eigenvalues at k:
 -17.9849 -17.6520 -15.3639 -15.3639 -11.1436 -11.1042  -8.5480  -8.3856
  -7.2456  -6.7927  -6.7927  -6.3792  -5.6825  -5.6825  -3.5723  -3.5723
  -1.0171  -0.9296  -0.1189   0.3192   0.9158   0.9158
     eigenvalues at k+q:
 -17.9847 -17.6520 -15.3638 -15.3638 -11.1476 -11.1029  -8.5522  -8.3809
  -7.2427  -6.7933  -6.7933  -6.3774  -5.6824  -5.6824  -3.5723  -3.5723
  -1.0168  -0.9314  -0.1212   0.3191   0.9173   0.9173
     cgsolve_all iterations  27    anorm=    0.65E-07
     cgsolve_all iterations  27    anorm=    0.65E-07
     cgsolve_all iterations  25    anorm=    0.55E-07
     compute_u_kq: q = (    0.0000,    0.0000,   -0.0170)
     Rotating WFCS
     ethr =  1.00E-14,  avg # of iterations = 31.0
     eigenvalues at k:
 -17.9849 -17.6520 -15.3639 -15.3639 -11.1436 -11.1042  -8.5480  -8.3856
  -7.2456  -6.7927  -6.7927  -6.3792  -5.6825  -5.6825  -3.5723  -3.5723
  -1.0171  -0.9296  -0.1189   0.3192   0.9158   0.9158
     eigenvalues at k+q:
 -17.9847 -17.6520 -15.3638 -15.3638 -11.1476 -11.1029  -8.5522  -8.3809
  -7.2427  -6.7933  -6.7933  -6.3774  -5.6824  -5.6824  -3.5723  -3.5723
  -1.0168  -0.9314  -0.1212   0.3191   0.9173   0.9173
     cgsolve_all iterations  27    anorm=    0.65E-07
     cgsolve_all iterations  27    anorm=    0.65E-07
     cgsolve_all iterations  25    anorm=    0.55E-07
 
     k-point #    2 of     6      pool #  1    cpu time:       9.0
     compute_u_kq: q = (    0.0000,    0.0000,    0.0000)
     Rotating WFCS
     ethr =  1.00E-14,  avg # of iterations =  7.0
     eigenvalues at k:
 -17.8998 -17.6472 -15.3407 -15.3407 -11.6849 -11.4442  -8.7774  -8.0432
  -7.0250  -7.0250  -6.0449  -5.6288  -5.6269  -5.6269  -3.5836  -3.5836
  -1.6600  -1.1065  -0.9222   0.2547   1.1636   1.1636
     eigenvalues at k+q:
 -17.8998 -17.6471 -15.3407 -15.3407 -11.6849 -11.4442  -8.7774  -8.0432
  -7.0250  -7.0250  -6.0449  -5.6288  -5.6269  -5.6269  -3.5836  -3.5836
  -1.6600  -1.1065  -0.9222   0.2547   1.1635   1.1635
     cgsolve_all iterations  27    anorm=    0.59E-07
     cgsolve_all iterations  27    anorm=    0.60E-07
     cgsolve_all iterations  27    anorm=    0.58E-07
     compute_u_kq: q = (    0.0170,    0.0000,    0.0000)
     Rotating WFCS
     ethr =  1.00E-14,  avg # of iterations = 24.0
     eigenvalues at k:
 -17.8998 -17.6472 -15.3407 -15.3407 -11.6849 -11.4442  -8.7774  -8.0432
  -7.0250  -7.0250  -6.0449  -5.6288  -5.6269  -5.6269  -3.5836  -3.5836
  -1.6600  -1.1065  -0.9222   0.2547   1.1636   1.1636
     eigenvalues at k+q:
 -17.8996 -17.6473 -15.3407 -15.3407 -11.6847 -11.4443  -8.7770  -8.0438
  -7.0250  -7.0249  -6.0454  -5.6483  -5.6259  -5.6074  -3.5839  -3.5838
  -1.6593  -1.1066  -0.9211   0.2542   1.1633   1.1634
     cgsolve_all iterations  30    anorm=    0.71E-07
     cgsolve_all iterations  30    anorm=    0.70E-07
     cgsolve_all iterations  34    anorm=    0.66E-07
     compute_u_kq: q = (   -0.0170,    0.0000,    0.0000)
     Rotating WFCS
     ethr =  1.00E-14,  avg # of iterations = 24.0
     eigenvalues at k:
 -17.8998 -17.6472 -15.3407 -15.3407 -11.6849 -11.4442  -8.7774  -8.0432
  -7.0250  -7.0250  -6.0449  -5.6288  -5.6269  -5.6269  -3.5836  -3.5836
  -1.6600  -1.1065  -0.9222   0.2547   1.1636   1.1636
     eigenvalues at k+q:
 -17.8996 -17.6473 -15.3407 -15.3407 -11.6847 -11.4443  -8.7770  -8.0438
  -7.0250  -7.0249  -6.0454  -5.6483  -5.6259  -5.6074  -3.5839  -3.5838
  -1.6593  -1.1066  -0.9211   0.2542   1.1633   1.1634
     cgsolve_all iterations  30    anorm=    0.71E-07
     cgsolve_all iterations  30    anorm=    0.70E-07
     cgsolve_all iterations  34    anorm=    0.66E-07
     compute_u_kq: q = (    0.0000,    0.0170,    0.0000)
     Rotating WFCS
     ethr =  1.00E-14,  avg # of iterations = 24.0
     eigenvalues at k:
 -17.8998 -17.6472 -15.3407 -15.3407 -11.6849 -11.4442  -8.7774  -8.0432
  -7.0250  -7.0250  -6.0449  -5.6288  -5.6269  -5.6269  -3.5836  -3.5836
  -1.6600  -1.1065  -0.9222   0.2547   1.1636   1.1636
     eigenvalues at k+q:
 -17.8996 -17.6473 -15.3407 -15.3407 -11.6847 -11.4443  -8.7770  -8.0438
  -7.0250  -7.0249  -6.0454  -5.6483  -5.6259  -5.6074  -3.5839  -3.5838
  -1.6593  -1.1066  -0.9211   0.2542   1.1633   1.1634
     cgsolve_all iterations  30    anorm=    0.70E-07
     cgsolve_all iterations  30    anorm=    0.71E-07
     cgsolve_all iterations  34    anorm=    0.66E-07
     compute_u_kq: q = (    0.0000,   -0.0170,    0.0000)
     Rotating WFCS
     ethr =  1.00E-14,  avg # of iterations = 24.0
     eigenvalues at k:
 -17.8998 -17.6472 -15.3407 -15.3407 -11.6849 -11.4442  -8.7774  -8.0432
  -7.0250  -7.0250  -6.0449  -5.6288  -5.6269  -5.6269  -3.5836  -3.5836
  -1.6600  -1.1065  -0.9222   0.2547   1.1636   1.1636
     eigenvalues at k+q:
 -17.8996 -17.6473 -15.3407 -15.3407 -11.6847 -11.4443  -8.7770  -8.0438
  -7.0250  -7.0249  -6.0454  -5.6483  -5.6259  -5.6074  -3.5839  -3.5838
  -1.6593  -1.1066  -0.9211   0.2542   1.1633   1.1634
     cgsolve_all iterations  30    anorm=    0.70E-07
     cgsolve_all iterations  30    anorm=    0.71E-07
     cgsolve_all iterations  34    anorm=    0.66E-07
     compute_u_kq: q = (    0.0000,    0.0000,    0.0170)
     Rotating WFCS
     ethr =  1.00E-14,  avg # of iterations = 33.0
     eigenvalues at k:
 -17.8998 -17.6472 -15.3407 -15.3407 -11.6849 -11.4442  -8.7774  -8.0432
  -7.0250  -7.0250  -6.0449  -5.6288  -5.6269  -5.6269  -3.5836  -3.5836
  -1.6600  -1.1065  -0.9222   0.2547   1.1636   1.1636
     eigenvalues at k+q:
 -17.8950 -17.6473 -15.3395 -15.3395 -11.7042 -11.4642  -8.7788  -8.0374
  -7.0362  -7.0362  -5.9761  -5.6235  -5.6235  -5.5898  -3.5849  -3.5849
  -1.6979  -1.1667  -0.9171   0.2512   1.1576   1.1576
     cgsolve_all iterations  27    anorm=    0.59E-07
     cgsolve_all iterations  27    anorm=    0.59E-07
     cgsolve_all iterations  27    anorm=    0.56E-07
     compute_u_kq: q = (    0.0000,    0.0000,   -0.0170)
     Rotating WFCS
     ethr =  1.00E-14,  avg # of iterations = 34.0
     eigenvalues at k:
 -17.8998 -17.6472 -15.3407 -15.3407 -11.6849 -11.4442  -8.7774  -8.0432
  -7.0250  -7.0250  -6.0449  -5.6288  -5.6269  -5.6269  -3.5836  -3.5836
  -1.6600  -1.1065  -0.9222   0.2547   1.1636   1.1636
     eigenvalues at k+q:
 -17.9047 -17.6470 -15.3419 -15.3419 -11.6642 -11.4231  -8.7757  -8.0496
  -7.0132  -7.0132  -6.1153  -5.6703  -5.6303  -5.6303  -3.5823  -3.5823
  -1.6200  -1.0450  -0.9275   0.2585   1.1687   1.1687
     cgsolve_all iterations  27    anorm=    0.60E-07
     cgsolve_all iterations  27    anorm=    0.58E-07
     cgsolve_all iterations  27    anorm=    0.60E-07
 
     k-point #    3 of     6      pool #  1    cpu time:      19.4
     compute_u_kq: q = (    0.0000,    0.0000,    0.0000)
     Rotating WFCS
     ethr =  1.00E-14,  avg # of iterations = 13.0
     eigenvalues at k:
 -17.9043 -17.7379 -15.3637 -15.3634 -11.1307 -11.1104  -8.4753  -8.3618
  -7.3104  -6.9182  -6.7796  -6.7625  -5.4029  -5.3414  -3.6848  -3.6828
  -0.7344  -0.6311  -0.3330   0.0279   1.0172   1.0218
     eigenvalues at k+q:
 -17.9043 -17.7379 -15.3636 -15.3634 -11.1307 -11.1104  -8.4753  -8.3618
  -7.3104  -6.9182  -6.7795  -6.7625  -5.4029  -5.3414  -3.6848  -3.6828
  -0.7344  -0.6311  -0.3331   0.0279   1.0172   1.0217
     cgsolve_all iterations  29    anorm=    0.66E-07
     cgsolve_all iterations  29    anorm=    0.65E-07
     cgsolve_all iterations  28    anorm=    0.64E-07
     compute_u_kq: q = (    0.0170,    0.0000,    0.0000)
     Rotating WFCS
     ethr =  1.00E-14,  avg # of iterations = 34.0
     eigenvalues at k:
 -17.9043 -17.7379 -15.3637 -15.3634 -11.1307 -11.1104  -8.4753  -8.3618
  -7.3104  -6.9182  -6.7796  -6.7625  -5.4029  -5.3414  -3.6848  -3.6828
  -0.7344  -0.6311  -0.3330   0.0279   1.0172   1.0218
     eigenvalues at k+q:
 -17.9042 -17.7380 -15.3640 -15.3631 -11.1307 -11.1104  -8.4756  -8.3619
  -7.3101  -6.9173  -6.7797  -6.7623  -5.4076  -5.3378  -3.6879  -3.6799
  -0.7341  -0.6302  -0.3333   0.0279   1.0166   1.0222
     cgsolve_all iterations  36    anorm=    0.67E-07
     cgsolve_all iterations  35    anorm=    0.69E-07
     cgsolve_all iterations  35    anorm=    0.70E-07
     compute_u_kq: q = (   -0.0170,    0.0000,    0.0000)
     Rotating WFCS
     ethr =  1.00E-14,  avg # of iterations = 34.0
     eigenvalues at k:
 -17.9043 -17.7379 -15.3637 -15.3634 -11.1307 -11.1104  -8.4753  -8.3618
  -7.3104  -6.9182  -6.7796  -6.7625  -5.4029  -5.3414  -3.6848  -3.6828
  -0.7344  -0.6311  -0.3330   0.0279   1.0172   1.0218
     eigenvalues at k+q:
 -17.9042 -17.7380 -15.3640 -15.3631 -11.1307 -11.1104  -8.4756  -8.3619
  -7.3101  -6.9173  -6.7797  -6.7623  -5.4076  -5.3378  -3.6879  -3.6798
  -0.7341  -0.6302  -0.3333   0.0279   1.0166   1.0222
     cgsolve_all iterations  36    anorm=    0.67E-07
     cgsolve_all iterations  35    anorm=    0.69E-07
     cgsolve_all iterations  35    anorm=    0.70E-07
     compute_u_kq: q = (    0.0000,    0.0170,    0.0000)
     Rotating WFCS
     ethr =  1.00E-14,  avg # of iterations = 35.0
     eigenvalues at k:
 -17.9043 -17.7379 -15.3637 -15.3634 -11.1307 -11.1104  -8.4753  -8.3618
  -7.3104  -6.9182  -6.7796  -6.7625  -5.4029  -5.3414  -3.6848  -3.6828
  -0.7344  -0.6311  -0.3330   0.0279   1.0172   1.0218
     eigenvalues at k+q:
 -17.8966 -17.7459 -15.3636 -15.3633 -11.1296 -11.1111  -8.4682  -8.3634
  -7.3055  -6.9478  -6.7787  -6.7651  -5.3852  -5.3276  -3.6918  -3.6900
  -0.7159  -0.5971  -0.3524  -0.0004   1.0243   1.0288
     cgsolve_all iterations  29    anorm=    0.67E-07
     cgsolve_all iterations  29    anorm=    0.65E-07
     cgsolve_all iterations  28    anorm=    0.64E-07
     compute_u_kq: q = (    0.0000,   -0.0170,    0.0000)
     Rotating WFCS
     ethr =  1.00E-14,  avg # of iterations = 34.0
     eigenvalues at k:
 -17.9043 -17.7379 -15.3637 -15.3634 -11.1307 -11.1104  -8.4753  -8.3618
  -7.3104  -6.9182  -6.7796  -6.7625  -5.4029  -5.3414  -3.6848  -3.6828
  -0.7344  -0.6311  -0.3330   0.0279   1.0172   1.0218
     eigenvalues at k+q:
 -17.9117 -17.7301 -15.3637 -15.3634 -11.1319 -11.1097  -8.4821  -8.3608
  -7.3136  -6.8895  -6.7804  -6.7584  -5.4214  -5.3567  -3.6774  -3.6753
  -0.7523  -0.6644  -0.3142   0.0552   1.0099   1.0144
     cgsolve_all iterations  28    anorm=    0.67E-07
     cgsolve_all iterations  29    anorm=    0.67E-07
     cgsolve_all iterations  28    anorm=    0.63E-07
     compute_u_kq: q = (    0.0000,    0.0000,    0.0170)
     Rotating WFCS
     ethr =  1.00E-14,  avg # of iterations = 34.0
     eigenvalues at k:
 -17.9043 -17.7379 -15.3637 -15.3634 -11.1307 -11.1104  -8.4753  -8.3618
  -7.3104  -6.9182  -6.7796  -6.7625  -5.4029  -5.3414  -3.6848  -3.6828
  -0.7344  -0.6311  -0.3330   0.0279   1.0172   1.0218
     eigenvalues at k+q:
 -17.9041 -17.7378 -15.3636 -15.3633 -11.1333 -11.1104  -8.4772  -8.3603
  -7.3071  -6.9161  -6.7802  -6.7628  -5.4029  -5.3413  -3.6850  -3.6825
  -0.7361  -0.6309  -0.3350   0.0280   1.0188   1.0237
     cgsolve_all iterations  34    anorm=    0.66E-07
     cgsolve_all iterations  34    anorm=    0.66E-07
     cgsolve_all iterations  33    anorm=    0.66E-07
     compute_u_kq: q = (    0.0000,    0.0000,   -0.0170)
     Rotating WFCS
     ethr =  1.00E-14,  avg # of iterations = 34.0
     eigenvalues at k:
 -17.9043 -17.7379 -15.3637 -15.3634 -11.1307 -11.1104  -8.4753  -8.3618
  -7.3104  -6.9182  -6.7796  -6.7625  -5.4029  -5.3414  -3.6848  -3.6828
  -0.7344  -0.6311  -0.3330   0.0279   1.0172   1.0218
     eigenvalues at k+q:
 -17.9041 -17.7378 -15.3636 -15.3633 -11.1333 -11.1104  -8.4772  -8.3603
  -7.3071  -6.9161  -6.7802  -6.7628  -5.4029  -5.3413  -3.6850  -3.6825
  -0.7361  -0.6309  -0.3350   0.0280   1.0188   1.0237
     cgsolve_all iterations  34    anorm=    0.66E-07
     cgsolve_all iterations  34    anorm=    0.66E-07
     cgsolve_all iterations  33    anorm=    0.66E-07
 
     k-point #    4 of     6      pool #  1    cpu time:      31.5
     compute_u_kq: q = (    0.0000,    0.0000,    0.0000)
     Rotating WFCS
     ethr =  1.00E-14,  avg # of iterations =  6.0
     eigenvalues at k:
 -17.8359 -17.7093 -15.3465 -15.3457 -11.6192 -11.4974  -8.6305  -8.2643
  -7.0186  -7.0171  -6.1172  -5.9843  -5.4058  -5.3204  -3.6530  -3.6351
  -1.4553  -1.1789  -0.5714   0.0206   1.1145   1.1257
     eigenvalues at k+q:
 -17.8359 -17.7093 -15.3465 -15.3457 -11.6192 -11.4974  -8.6305  -8.2643
  -7.0186  -7.0171  -6.1172  -5.9843  -5.4058  -5.3204  -3.6530  -3.6351
  -1.4553  -1.1790  -0.5714   0.0206   1.1145   1.1257
     cgsolve_all iterations  36    anorm=    0.78E-07
     cgsolve_all iterations  37    anorm=    0.75E-07
     cgsolve_all iterations  36    anorm=    0.74E-07
     compute_u_kq: q = (    0.0170,    0.0000,    0.0000)
     Rotating WFCS
     ethr =  1.00E-14,  avg # of iterations = 31.0
     eigenvalues at k:
 -17.8359 -17.7093 -15.3465 -15.3457 -11.6192 -11.4974  -8.6305  -8.2643
  -7.0186  -7.0171  -6.1172  -5.9843  -5.4058  -5.3204  -3.6530  -3.6351
  -1.4553  -1.1789  -0.5714   0.0206   1.1145   1.1257
     eigenvalues at k+q:
 -17.8358 -17.7093 -15.3465 -15.3457 -11.6192 -11.4976  -8.6301  -8.2644
  -7.0194  -7.0164  -6.1171  -5.9837  -5.4078  -5.3194  -3.6531  -3.6350
  -1.4552  -1.1792  -0.5707   0.0206   1.1126   1.1274
     cgsolve_all iterations  36    anorm=    0.78E-07
     cgsolve_all iterations  37    anorm=    0.75E-07
     cgsolve_all iterations  36    anorm=    0.74E-07
     compute_u_kq: q = (   -0.0170,    0.0000,    0.0000)
     Rotating WFCS
     ethr =  1.00E-14,  avg # of iterations = 31.0
     eigenvalues at k:
 -17.8359 -17.7093 -15.3465 -15.3457 -11.6192 -11.4974  -8.6305  -8.2643
  -7.0186  -7.0171  -6.1172  -5.9843  -5.4058  -5.3204  -3.6530  -3.6351
  -1.4553  -1.1789  -0.5714   0.0206   1.1145   1.1257
     eigenvalues at k+q:
 -17.8358 -17.7093 -15.3465 -15.3457 -11.6192 -11.4976  -8.6301  -8.2644
  -7.0194  -7.0164  -6.1171  -5.9837  -5.4078  -5.3194  -3.6531  -3.6350
  -1.4552  -1.1792  -0.5707   0.0206   1.1126   1.1274
     cgsolve_all iterations  36    anorm=    0.78E-07
     cgsolve_all iterations  37    anorm=    0.75E-07
     cgsolve_all iterations  36    anorm=    0.74E-07
     compute_u_kq: q = (    0.0000,    0.0170,    0.0000)
     Rotating WFCS
     ethr =  1.00E-14,  avg # of iterations = 31.0
     eigenvalues at k:
 -17.8359 -17.7093 -15.3465 -15.3457 -11.6192 -11.4974  -8.6305  -8.2643
  -7.0186  -7.0171  -6.1172  -5.9843  -5.4058  -5.3204  -3.6530  -3.6351
  -1.4553  -1.1789  -0.5714   0.0206   1.1145   1.1257
     eigenvalues at k+q:
 -17.8299 -17.7152 -15.3468 -15.3461 -11.6132 -11.5028  -8.6154  -8.2837
  -7.0181  -7.0167  -6.1175  -5.9978  -5.3926  -5.3140  -3.6561  -3.6389
  -1.4384  -1.1880  -0.5404  -0.0039   1.1118   1.1226
     cgsolve_all iterations  36    anorm=    0.77E-07
     cgsolve_all iterations  37    anorm=    0.76E-07
     cgsolve_all iterations  36    anorm=    0.73E-07
     compute_u_kq: q = (    0.0000,   -0.0170,    0.0000)
     Rotating WFCS
     ethr =  1.00E-14,  avg # of iterations = 31.0
     eigenvalues at k:
 -17.8359 -17.7093 -15.3465 -15.3457 -11.6192 -11.4974  -8.6305  -8.2643
  -7.0186  -7.0171  -6.1172  -5.9843  -5.4058  -5.3204  -3.6530  -3.6351
  -1.4553  -1.1789  -0.5714   0.0206   1.1145   1.1257
     eigenvalues at k+q:
 -17.8417 -17.7036 -15.3461 -15.3454 -11.6251 -11.4923  -8.6449  -8.2452
  -7.0191  -7.0175  -6.1163  -5.9702  -5.4195  -5.3281  -3.6495  -3.6312
  -1.4721  -1.1706  -0.6018   0.0440   1.1173   1.1289
     cgsolve_all iterations  36    anorm=    0.76E-07
     cgsolve_all iterations  37    anorm=    0.77E-07
     cgsolve_all iterations  36    anorm=    0.71E-07
     compute_u_kq: q = (    0.0000,    0.0000,    0.0170)
     Rotating WFCS
     ethr =  1.00E-14,  avg # of iterations = 33.0
     eigenvalues at k:
 -17.8359 -17.7093 -15.3465 -15.3457 -11.6192 -11.4974  -8.6305  -8.2643
  -7.0186  -7.0171  -6.1172  -5.9843  -5.4058  -5.3204  -3.6530  -3.6351
  -1.4553  -1.1789  -0.5714   0.0206   1.1145   1.1257
     eigenvalues at k+q:
 -17.8321 -17.7080 -15.3456 -15.3449 -11.6385 -11.5169  -8.6321  -8.2627
  -7.0297  -7.0282  -6.0536  -5.9364  -5.4070  -5.3215  -3.6488  -3.6321
  -1.4959  -1.2313  -0.5687   0.0192   1.0980   1.1087
     cgsolve_all iterations  36    anorm=    0.75E-07
     cgsolve_all iterations  36    anorm=    0.77E-07
     cgsolve_all iterations  36    anorm=    0.73E-07
     compute_u_kq: q = (    0.0000,    0.0000,   -0.0170)
     Rotating WFCS
     ethr =  1.00E-14,  avg # of iterations = 33.0
     eigenvalues at k:
 -17.8359 -17.7093 -15.3465 -15.3457 -11.6192 -11.4974  -8.6305  -8.2643
  -7.0186  -7.0171  -6.1172  -5.9843  -5.4058  -5.3204  -3.6530  -3.6351
  -1.4553  -1.1789  -0.5714   0.0206   1.1145   1.1257
     eigenvalues at k+q:
 -17.8398 -17.7106 -15.3474 -15.3466 -11.5987 -11.4768  -8.6286  -8.2660
  -7.0068  -7.0053  -6.1828  -6.0344  -5.4047  -5.3200  -3.6569  -3.6381
  -1.4131  -1.1254  -0.5743   0.0219   1.1316   1.1435
     cgsolve_all iterations  36    anorm=    0.72E-07
     cgsolve_all iterations  37    anorm=    0.71E-07
     cgsolve_all iterations  36    anorm=    0.75E-07
 
     k-point #    5 of     6      pool #  1    cpu time:      45.0
     compute_u_kq: q = (    0.0000,    0.0000,    0.0000)
     Rotating WFCS
     ethr =  1.00E-14,  avg # of iterations = 14.0
     eigenvalues at k:
 -17.8588 -17.7752 -15.3766 -15.3699 -11.1217 -11.1110  -8.5123  -8.4261
  -7.1113  -6.8140  -6.8053  -6.7228  -5.6797  -5.3676  -3.7221  -3.6627
  -0.6269  -0.4192  -0.3631  -0.0188   0.9838   1.0168
     eigenvalues at k+q:
 -17.8588 -17.7752 -15.3766 -15.3698 -11.1217 -11.1110  -8.5123  -8.4261
  -7.1113  -6.8140  -6.8053  -6.7228  -5.6797  -5.3676  -3.7221  -3.6627
  -0.6269  -0.4192  -0.3631  -0.0188   0.9838   1.0168
     cgsolve_all iterations  36    anorm=    0.67E-07
     cgsolve_all iterations  36    anorm=    0.67E-07
     cgsolve_all iterations  33    anorm=    0.68E-07
     compute_u_kq: q = (    0.0170,    0.0000,    0.0000)
     Rotating WFCS
     ethr =  1.00E-14,  avg # of iterations = 35.0
     eigenvalues at k:
 -17.8588 -17.7752 -15.3766 -15.3699 -11.1217 -11.1110  -8.5123  -8.4261
  -7.1113  -6.8140  -6.8053  -6.7228  -5.6797  -5.3676  -3.7221  -3.6627
  -0.6269  -0.4192  -0.3631  -0.0188   0.9838   1.0168
     eigenvalues at k+q:
 -17.8547 -17.7789 -15.3769 -15.3706 -11.1210 -11.1112  -8.5117  -8.4328
  -7.0894  -6.8151  -6.8061  -6.7265  -5.6782  -5.3849  -3.7201  -3.6650
  -0.6167  -0.4282  -0.3409  -0.0282   0.9838   1.0150
     cgsolve_all iterations  36    anorm=    0.68E-07
     cgsolve_all iterations  36    anorm=    0.73E-07
     cgsolve_all iterations  34    anorm=    0.74E-07
     compute_u_kq: q = (   -0.0170,    0.0000,    0.0000)
     Rotating WFCS
     ethr =  1.00E-14,  avg # of iterations = 34.0
     eigenvalues at k:
 -17.8588 -17.7752 -15.3766 -15.3699 -11.1217 -11.1110  -8.5123  -8.4261
  -7.1113  -6.8140  -6.8053  -6.7228  -5.6797  -5.3676  -3.7221  -3.6627
  -0.6269  -0.4192  -0.3631  -0.0188   0.9838   1.0168
     eigenvalues at k+q:
 -17.8629 -17.7717 -15.3761 -15.3690 -11.1225 -11.1108  -8.5124  -8.4195
  -7.1324  -6.8137  -6.8041  -6.7210  -5.6784  -5.3515  -3.7236  -3.6606
  -0.6367  -0.4107  -0.3851  -0.0105   0.9841   1.0185
     cgsolve_all iterations  36    anorm=    0.66E-07
     cgsolve_all iterations  36    anorm=    0.65E-07
     cgsolve_all iterations  34    anorm=    0.78E-07
     compute_u_kq: q = (    0.0000,    0.0170,    0.0000)
     Rotating WFCS
     ethr =  1.00E-14,  avg # of iterations = 35.0
     eigenvalues at k:
 -17.8588 -17.7752 -15.3766 -15.3699 -11.1217 -11.1110  -8.5123  -8.4261
  -7.1113  -6.8140  -6.8053  -6.7228  -5.6797  -5.3676  -3.7221  -3.6627
  -0.6269  -0.4192  -0.3631  -0.0188   0.9838   1.0168
     eigenvalues at k+q:
 -17.8547 -17.7789 -15.3769 -15.3706 -11.1210 -11.1112  -8.5117  -8.4328
  -7.0894  -6.8151  -6.8061  -6.7265  -5.6782  -5.3849  -3.7201  -3.6650
  -0.6167  -0.4282  -0.3409  -0.0282   0.9838   1.0150
     cgsolve_all iterations  36    anorm=    0.73E-07
     cgsolve_all iterations  36    anorm=    0.68E-07
     cgsolve_all iterations  34    anorm=    0.74E-07
     compute_u_kq: q = (    0.0000,   -0.0170,    0.0000)
     Rotating WFCS
     ethr =  1.00E-14,  avg # of iterations = 35.0
     eigenvalues at k:
 -17.8588 -17.7752 -15.3766 -15.3699 -11.1217 -11.1110  -8.5123  -8.4261
  -7.1113  -6.8140  -6.8053  -6.7228  -5.6797  -5.3676  -3.7221  -3.6627
  -0.6269  -0.4192  -0.3631  -0.0188   0.9838   1.0168
     eigenvalues at k+q:
 -17.8629 -17.7717 -15.3761 -15.3690 -11.1225 -11.1108  -8.5124  -8.4195
  -7.1324  -6.8137  -6.8041  -6.7210  -5.6784  -5.3515  -3.7236  -3.6606
  -0.6367  -0.4107  -0.3851  -0.0105   0.9841   1.0185
     cgsolve_all iterations  36    anorm=    0.65E-07
     cgsolve_all iterations  36    anorm=    0.66E-07
     cgsolve_all iterations  34    anorm=    0.77E-07
     compute_u_kq: q = (    0.0000,    0.0000,    0.0170)
     Rotating WFCS
     ethr =  1.00E-14,  avg # of iterations = 35.0
     eigenvalues at k:
 -17.8588 -17.7752 -15.3766 -15.3699 -11.1217 -11.1110  -8.5123  -8.4261
  -7.1113  -6.8140  -6.8053  -6.7228  -5.6797  -5.3676  -3.7221  -3.6627
  -0.6269  -0.4192  -0.3631  -0.0188   0.9838   1.0168
     eigenvalues at k+q:
 -17.8587 -17.7751 -15.3765 -15.3698 -11.1237 -11.1118  -8.5124  -8.4256
  -7.1085  -6.8146  -6.8053  -6.7212  -5.6796  -5.3676  -3.7219  -3.6626
  -0.6287  -0.4212  -0.3630  -0.0188   0.9852   1.0187
     cgsolve_all iterations  36    anorm=    0.67E-07
     cgsolve_all iterations  36    anorm=    0.67E-07
     cgsolve_all iterations  33    anorm=    0.68E-07
     compute_u_kq: q = (    0.0000,    0.0000,   -0.0170)
     Rotating WFCS
     ethr =  1.00E-14,  avg # of iterations = 35.0
     eigenvalues at k:
 -17.8588 -17.7752 -15.3766 -15.3699 -11.1217 -11.1110  -8.5123  -8.4261
  -7.1113  -6.8140  -6.8053  -6.7228  -5.6797  -5.3676  -3.7221  -3.6627
  -0.6269  -0.4192  -0.3631  -0.0188   0.9838   1.0168
     eigenvalues at k+q:
 -17.8587 -17.7751 -15.3765 -15.3698 -11.1237 -11.1118  -8.5124  -8.4256
  -7.1085  -6.8146  -6.8053  -6.7212  -5.6796  -5.3676  -3.7219  -3.6626
  -0.6287  -0.4212  -0.3630  -0.0188   0.9852   1.0187
     cgsolve_all iterations  36    anorm=    0.67E-07
     cgsolve_all iterations  36    anorm=    0.67E-07
     cgsolve_all iterations  33    anorm=    0.68E-07
 
     k-point #    6 of     6      pool #  1    cpu time:      58.5
     compute_u_kq: q = (    0.0000,    0.0000,    0.0000)
     Rotating WFCS
     ethr =  1.00E-14,  avg # of iterations =  6.0
     eigenvalues at k:
 -17.8004 -17.7368 -15.3529 -15.3522 -11.6047 -11.5412  -8.5053  -8.3153
  -7.0530  -7.0324  -6.0434  -5.8391  -5.6331  -5.3589  -3.6625  -3.6374
  -1.4118  -1.2704  -0.3270  -0.0142   1.0636   1.1429
     eigenvalues at k+q:
 -17.8004 -17.7368 -15.3529 -15.3521 -11.6047 -11.5412  -8.5053  -8.3153
  -7.0530  -7.0324  -6.0434  -5.8391  -5.6331  -5.3589  -3.6625  -3.6374
  -1.4118  -1.2704  -0.3270  -0.0141   1.0636   1.1429
     cgsolve_all iterations  37    anorm=    0.72E-07
     cgsolve_all iterations  37    anorm=    0.72E-07
     cgsolve_all iterations  29    anorm=    0.70E-07
     compute_u_kq: q = (    0.0170,    0.0000,    0.0000)
     Rotating WFCS
     ethr =  1.00E-14,  avg # of iterations = 26.0
     eigenvalues at k:
 -17.8004 -17.7368 -15.3529 -15.3522 -11.6047 -11.5412  -8.5053  -8.3153
  -7.0530  -7.0324  -6.0434  -5.8391  -5.6331  -5.3589  -3.6625  -3.6374
  -1.4118  -1.2704  -0.3270  -0.0142   1.0636   1.1429
     eigenvalues at k+q:
 -17.7972 -17.7396 -15.3532 -15.3526 -11.6026 -11.5450  -8.4943  -8.3218
  -7.0537  -7.0345  -6.0343  -5.8403  -5.6313  -5.3715  -3.6619  -3.6385
  -1.4068  -1.2785  -0.3066  -0.0222   1.0654   1.1395
     cgsolve_all iterations  37    anorm=    0.71E-07
     cgsolve_all iterations  37    anorm=    0.72E-07
     cgsolve_all iterations  35    anorm=    0.65E-07
     compute_u_kq: q = (   -0.0170,    0.0000,    0.0000)
     Rotating WFCS
     ethr =  1.00E-14,  avg # of iterations = 26.0
     eigenvalues at k:
 -17.8004 -17.7368 -15.3529 -15.3522 -11.6047 -11.5412  -8.5053  -8.3153
  -7.0530  -7.0324  -6.0434  -5.8391  -5.6331  -5.3589  -3.6625  -3.6374
  -1.4118  -1.2704  -0.3270  -0.0142   1.0636   1.1429
     eigenvalues at k+q:
 -17.8035 -17.7342 -15.3525 -15.3517 -11.6066 -11.5375  -8.5160  -8.3092
  -7.0520  -7.0302  -6.0519  -5.8412  -5.6310  -5.3473  -3.6630  -3.6363
  -1.4166  -1.2624  -0.3473  -0.0071   1.0622   1.1459
     cgsolve_all iterations  37    anorm=    0.74E-07
     cgsolve_all iterations  37    anorm=    0.70E-07
     cgsolve_all iterations  35    anorm=    0.69E-07
     compute_u_kq: q = (    0.0000,    0.0170,    0.0000)
     Rotating WFCS
     ethr =  1.00E-14,  avg # of iterations = 26.0
     eigenvalues at k:
 -17.8004 -17.7368 -15.3529 -15.3522 -11.6047 -11.5412  -8.5053  -8.3153
  -7.0530  -7.0324  -6.0434  -5.8391  -5.6331  -5.3589  -3.6625  -3.6374
  -1.4118  -1.2704  -0.3270  -0.0142   1.0636   1.1429
     eigenvalues at k+q:
 -17.7972 -17.7396 -15.3532 -15.3526 -11.6026 -11.5450  -8.4943  -8.3218
  -7.0537  -7.0345  -6.0343  -5.8403  -5.6313  -5.3715  -3.6619  -3.6385
  -1.4068  -1.2785  -0.3066  -0.0222   1.0654   1.1395
     cgsolve_all iterations  37    anorm=    0.72E-07
     cgsolve_all iterations  37    anorm=    0.71E-07
     cgsolve_all iterations  35    anorm=    0.65E-07
     compute_u_kq: q = (    0.0000,   -0.0170,    0.0000)
     Rotating WFCS
     ethr =  1.00E-14,  avg # of iterations = 26.0
     eigenvalues at k:
 -17.8004 -17.7368 -15.3529 -15.3522 -11.6047 -11.5412  -8.5053  -8.3153
  -7.0530  -7.0324  -6.0434  -5.8391  -5.6331  -5.3589  -3.6625  -3.6374
  -1.4118  -1.2704  -0.3270  -0.0142   1.0636   1.1429
     eigenvalues at k+q:
 -17.8035 -17.7342 -15.3525 -15.3517 -11.6066 -11.5375  -8.5160  -8.3092
  -7.0520  -7.0302  -6.0519  -5.8412  -5.6310  -5.3473  -3.6630  -3.6363
  -1.4166  -1.2624  -0.3473  -0.0071   1.0622   1.1459
     cgsolve_all iterations  37    anorm=    0.70E-07
     cgsolve_all iterations  37    anorm=    0.74E-07
     cgsolve_all iterations  35    anorm=    0.69E-07
     compute_u_kq: q = (    0.0000,    0.0000,    0.0170)
     Rotating WFCS
     ethr =  1.00E-14,  avg # of iterations = 32.0
     eigenvalues at k:
 -17.8004 -17.7368 -15.3529 -15.3522 -11.6047 -11.5412  -8.5053  -8.3153
  -7.0530  -7.0324  -6.0434  -5.8391  -5.6331  -5.3589  -3.6625  -3.6374
  -1.4118  -1.2704  -0.3270  -0.0142   1.0636   1.1429
     eigenvalues at k+q:
 -17.7973 -17.7350 -15.3517 -15.3513 -11.6247 -11.5611  -8.5044  -8.3118
  -7.0645  -7.0437  -5.9864  -5.7887  -5.6301  -5.3592  -3.6582  -3.6371
  -1.4573  -1.3205  -0.3252  -0.0142   1.0441   1.1342
     cgsolve_all iterations  37    anorm=    0.69E-07
     cgsolve_all iterations  37    anorm=    0.69E-07
     cgsolve_all iterations  29    anorm=    0.64E-07
     compute_u_kq: q = (    0.0000,    0.0000,   -0.0170)
     Rotating WFCS
     ethr =  1.00E-14,  avg # of iterations = 33.0
     eigenvalues at k:
 -17.8004 -17.7368 -15.3529 -15.3522 -11.6047 -11.5412  -8.5053  -8.3153
  -7.0530  -7.0324  -6.0434  -5.8391  -5.6331  -5.3589  -3.6625  -3.6374
  -1.4118  -1.2704  -0.3270  -0.0142   1.0636   1.1429
     eigenvalues at k+q:
 -17.8036 -17.7388 -15.3541 -15.3531 -11.5834 -11.5201  -8.5062  -8.3191
  -7.0408  -7.0204  -6.1026  -5.8913  -5.6362  -5.3589  -3.6668  -3.6378
  -1.3649  -1.2188  -0.3289  -0.0141   1.0841   1.1514
     cgsolve_all iterations  37    anorm=    0.74E-07
     cgsolve_all iterations  37    anorm=    0.74E-07
     cgsolve_all iterations  29    anorm=    0.71E-07
 
     End of magnetic susceptibility calculation
 
     f-sum rule (1st term):
           -43.9929          0.0000          0.0000
             0.0000        -43.9929          0.0000
             0.0000          0.0000        -41.6993

     f-sum rule (2nd term):
             0.0000          0.0000          0.0000
             0.0000          0.0000          0.0000
             0.0000          0.0000          0.0000

     f-sum rule (should be   -44.0000):
           -43.9929          0.0000          0.0000
             0.0000        -43.9929          0.0000
             0.0000          0.0000        -41.6993

     chi_bare pGv (HH) in paratec units:
         1.639533    -10.403725     -1.183098
       -10.404217      1.763464      2.405940
        -0.957327      2.185520     17.151733

         1.701498      0.000000      0.000000
         0.000000      1.701498      0.000000
         0.000000      0.000000     17.151733

     chi_bare vGv (VV) in paratec units:
         1.403416     -7.893400     -0.837536
        -7.893782      0.521787      1.978809
        -0.837593      1.978023     15.680376

         0.962601      0.000000      0.000000
         0.000000      0.962601      0.000000
         0.000000      0.000000     15.680376

     chi_bare pGv (HH) in 10^{-6} cm^3/mol:
             8.0857          0.0000          0.0000
             0.0000          8.0857          0.0000
             0.0000          0.0000         81.5067

     chi_bare vGv (VV) in 10^{-6} cm^3/mol:
             4.5744          0.0000          0.0000
             0.0000          4.5744          0.0000
             0.0000          0.0000         74.5146

     Contributions to the NMR chemical shifts: -------------------------------
 
     Macroscopic shape contribution in ppm:                    0.00
             0.0000          0.0000          0.0000
             0.0000          0.0000          0.0000
             0.0000          0.0000          0.0000

 
     Core contribution in ppm:
 
     Atom  1  C   pos: (  0.000000  0.500000  0.227494)  core sigma:         200.33
     Atom  2  C   pos: (  0.500000  0.000000  0.604868)  core sigma:         200.33
     Atom  3  O   pos: (  0.000000  0.500000  0.474797)  core sigma:         200.33
     Atom  4  O   pos: (  0.500000  0.000000  0.357565)  core sigma:         200.33
     Atom  5  N   pos: (  0.146708  0.646708  0.103511)  core sigma:         235.49
     Atom  6  N   pos: (  0.853292  0.353292  0.103511)  core sigma:         235.49
     Atom  7  N   pos: (  0.646708  0.853292  0.728851)  core sigma:         235.49
     Atom  8  N   pos: (  0.353292  0.146708  0.728851)  core sigma:         235.49
     Atom  9  H   pos: (  0.259591  0.759591  0.192324)  core sigma:           0.00
     Atom 10  H   pos: (  0.740409  0.240409  0.192324)  core sigma:           0.00
     Atom 11  H   pos: (  0.759591  0.740409  0.640038)  core sigma:           0.00
     Atom 12  H   pos: (  0.240409  0.259591  0.640038)  core sigma:           0.00
     Atom 13  H   pos: (  0.138143  0.638143  0.751168)  core sigma:           0.00
     Atom 14  H   pos: (  0.861857  0.361857  0.751168)  core sigma:           0.00
     Atom 15  H   pos: (  0.638143  0.861857  0.081194)  core sigma:           0.00
     Atom 16  H   pos: (  0.361857  0.138143  0.081194)  core sigma:           0.00
 
     Bare contribution in ppm:
 
     Atom  1  C   pos: (  0.000000  0.500000  0.227494)  bare sigma:        -131.82
          -104.5561        -58.0348         -0.0000
           -58.0348       -104.5561         -0.0000
             0.0000          0.0000       -186.3401

     Atom  2  C   pos: (  0.500000  0.000000  0.604868)  bare sigma:        -131.82
          -104.5561         58.0348          0.0000
            58.0348       -104.5561         -0.0000
             0.0000          0.0000       -186.3402

     Atom  3  O   pos: (  0.000000  0.500000  0.474797)  bare sigma:        -760.10
          -329.3169        138.6518         -0.0000
           138.6518       -329.3169          0.0000
             0.0000         -0.0000      -1621.6640

     Atom  4  O   pos: (  0.500000  0.000000  0.357565)  bare sigma:        -760.10
          -329.3169       -138.6518         -0.0000
          -138.6518       -329.3169         -0.0000
             0.0000          0.0000      -1621.6640

     Atom  5  N   pos: (  0.146708  0.646708  0.103511)  bare sigma:          46.03
            28.9295        -42.9478        -20.7211
           -42.9478         28.9295        -20.7211
           122.3337        122.3337         80.2363

     Atom  6  N   pos: (  0.853292  0.353292  0.103511)  bare sigma:          46.03
            28.9295        -42.9478         20.7211
           -42.9478         28.9295         20.7211
          -122.3337       -122.3337         80.2363

     Atom  7  N   pos: (  0.646708  0.853292  0.728851)  bare sigma:          46.03
            28.9295         42.9478         20.7211
            42.9478         28.9295        -20.7211
          -122.3337        122.3337         80.2363

     Atom  8  N   pos: (  0.353292  0.146708  0.728851)  bare sigma:          46.03
            28.9295         42.9478        -20.7211
            42.9478         28.9295         20.7211
           122.3337       -122.3337         80.2363

     Atom  9  H   pos: (  0.259591  0.759591  0.192324)  bare sigma:          27.25
            19.1984          3.0433         -0.1819
             3.0433         19.1984         -0.1819
            -1.3572         -1.3572         43.3638

     Atom 10  H   pos: (  0.740409  0.240409  0.192324)  bare sigma:          27.25
            19.1984          3.0433          0.1819
             3.0433         19.1984          0.1819
             1.3572          1.3572         43.3638

     Atom 11  H   pos: (  0.759591  0.740409  0.640038)  bare sigma:          27.25
            19.1984         -3.0433          0.1819
            -3.0433         19.1984         -0.1819
             1.3572         -1.3572         43.3638

     Atom 12  H   pos: (  0.240409  0.259591  0.640038)  bare sigma:          27.25
            19.1984         -3.0433         -0.1819
            -3.0433         19.1984          0.1819
            -1.3572          1.3572         43.3638

     Atom 13  H   pos: (  0.138143  0.638143  0.751168)  bare sigma:          13.86
             8.3285          1.3651          0.1689
             1.3651          8.3285          0.1688
           -10.2546        -10.2546         24.9268

     Atom 14  H   pos: (  0.861857  0.361857  0.751168)  bare sigma:          13.86
             8.3285          1.3651         -0.1688
             1.3651          8.3285         -0.1688
            10.2546         10.2546         24.9268

     Atom 15  H   pos: (  0.638143  0.861857  0.081194)  bare sigma:          13.86
             8.3285         -1.3651         -0.1688
            -1.3651          8.3285          0.1688
            10.2546        -10.2546         24.9268

     Atom 16  H   pos: (  0.361857  0.138143  0.081194)  bare sigma:          13.86
             8.3285         -1.3651          0.1688
            -1.3651          8.3285         -0.1689
           -10.2546         10.2546         24.9268

     Diamagnetic contribution in ppm:
 
     Atom  1  C   pos: (  0.000000  0.500000  0.227494)  dia sigma:           3.71
             3.7240          0.0240          0.0000
             0.0240          3.7240          0.0000
             0.0000          0.0000          3.6799

     Atom  2  C   pos: (  0.500000  0.000000  0.604868)  dia sigma:           3.71
             3.7240         -0.0240          0.0000
            -0.0240          3.7240          0.0000
             0.0000          0.0000          3.6799

     Atom  3  O   pos: (  0.000000  0.500000  0.474797)  dia sigma:           4.25
             4.2713          0.0506          0.0000
             0.0506          4.2713          0.0000
             0.0000          0.0000          4.2005

     Atom  4  O   pos: (  0.500000  0.000000  0.357565)  dia sigma:           4.25
             4.2713         -0.0506          0.0000
            -0.0506          4.2713          0.0000
             0.0000          0.0000          4.2005

     Atom  5  N   pos: (  0.146708  0.646708  0.103511)  dia sigma:           5.70
             5.6626          0.1243         -0.0165
             0.1243          5.6626         -0.0165
            -0.0165         -0.0165          5.7628

     Atom  6  N   pos: (  0.853292  0.353292  0.103511)  dia sigma:           5.70
             5.6626          0.1243          0.0165
             0.1243          5.6626          0.0165
             0.0165          0.0165          5.7628

     Atom  7  N   pos: (  0.646708  0.853292  0.728851)  dia sigma:           5.70
             5.6626         -0.1243          0.0165
            -0.1243          5.6626         -0.0165
             0.0165         -0.0165          5.7628

     Atom  8  N   pos: (  0.353292  0.146708  0.728851)  dia sigma:           5.70
             5.6626         -0.1243         -0.0165
            -0.1243          5.6626          0.0165
            -0.0165          0.0165          5.7628

     Atom  9  H   pos: (  0.259591  0.759591  0.192324)  dia sigma:           0.37
             0.3684         -0.0000          0.0000
            -0.0000          0.3684          0.0000
             0.0000          0.0000          0.3684

     Atom 10  H   pos: (  0.740409  0.240409  0.192324)  dia sigma:           0.37
             0.3684         -0.0000         -0.0000
            -0.0000          0.3684         -0.0000
            -0.0000         -0.0000          0.3684

     Atom 11  H   pos: (  0.759591  0.740409  0.640038)  dia sigma:           0.37
             0.3684          0.0000         -0.0000
             0.0000          0.3684          0.0000
            -0.0000          0.0000          0.3684

     Atom 12  H   pos: (  0.240409  0.259591  0.640038)  dia sigma:           0.37
             0.3684          0.0000          0.0000
             0.0000          0.3684         -0.0000
             0.0000         -0.0000          0.3684

     Atom 13  H   pos: (  0.138143  0.638143  0.751168)  dia sigma:           0.36
             0.3575          0.0000         -0.0000
             0.0000          0.3575         -0.0000
            -0.0000         -0.0000          0.3575

     Atom 14  H   pos: (  0.861857  0.361857  0.751168)  dia sigma:           0.36
             0.3575          0.0000          0.0000
             0.0000          0.3575          0.0000
             0.0000          0.0000          0.3575

     Atom 15  H   pos: (  0.638143  0.861857  0.081194)  dia sigma:           0.36
             0.3575         -0.0000          0.0000
            -0.0000          0.3575         -0.0000
             0.0000         -0.0000          0.3575

     Atom 16  H   pos: (  0.361857  0.138143  0.081194)  dia sigma:           0.36
             0.3575         -0.0000         -0.0000
            -0.0000          0.3575          0.0000
            -0.0000          0.0000          0.3575

     Paramagnetic contribution in ppm:
 
     Atom  1  C   pos: (  0.000000  0.500000  0.227494)  para sigma:         -97.95
           -99.9046        -39.2817          0.0000
           -39.2817        -99.9046          0.0000
             0.0000          0.0000        -94.0315

     Atom  2  C   pos: (  0.500000  0.000000  0.604868)  para sigma:         -97.95
           -99.9046         39.2817          0.0000
            39.2817        -99.9046          0.0000
             0.0000          0.0000        -94.0315

     Atom  3  O   pos: (  0.000000  0.500000  0.474797)  para sigma:        -467.64
          -218.8508         72.8922          0.0000
            72.8922       -218.8508          0.0000
             0.0000          0.0000       -965.2056

     Atom  4  O   pos: (  0.500000  0.000000  0.357565)  para sigma:        -467.64
          -218.8508        -72.8922          0.0000
           -72.8922       -218.8508          0.0000
             0.0000          0.0000       -965.2056

     Atom  5  N   pos: (  0.146708  0.646708  0.103511)  para sigma:         -28.81
           -40.3979        -27.7985        -12.0379
           -27.7985        -40.3979        -12.0379
            79.0010         79.0010         -5.6275

     Atom  6  N   pos: (  0.853292  0.353292  0.103511)  para sigma:         -28.81
           -40.3979        -27.7985         12.0379
           -27.7985        -40.3979         12.0379
           -79.0010        -79.0010         -5.6275

     Atom  7  N   pos: (  0.646708  0.853292  0.728851)  para sigma:         -28.81
           -40.3979         27.7985         12.0379
            27.7985        -40.3979        -12.0379
           -79.0010         79.0010         -5.6275

     Atom  8  N   pos: (  0.353292  0.146708  0.728851)  para sigma:         -28.81
           -40.3979         27.7985        -12.0379
            27.7985        -40.3979         12.0379
            79.0010        -79.0010         -5.6275

     Atom  9  H   pos: (  0.259591  0.759591  0.192324)  para sigma:           0.00
             0.0000          0.0000          0.0000
             0.0000          0.0000          0.0000
             0.0000          0.0000          0.0000

     Atom 10  H   pos: (  0.740409  0.240409  0.192324)  para sigma:           0.00
             0.0000          0.0000          0.0000
             0.0000          0.0000          0.0000
             0.0000          0.0000          0.0000

     Atom 11  H   pos: (  0.759591  0.740409  0.640038)  para sigma:           0.00
             0.0000          0.0000          0.0000
             0.0000          0.0000          0.0000
             0.0000          0.0000          0.0000

     Atom 12  H   pos: (  0.240409  0.259591  0.640038)  para sigma:           0.00
             0.0000          0.0000          0.0000
             0.0000          0.0000          0.0000
             0.0000          0.0000          0.0000

     Atom 13  H   pos: (  0.138143  0.638143  0.751168)  para sigma:           0.00
             0.0000          0.0000          0.0000
             0.0000          0.0000          0.0000
             0.0000          0.0000          0.0000

     Atom 14  H   pos: (  0.861857  0.361857  0.751168)  para sigma:           0.00
             0.0000          0.0000          0.0000
             0.0000          0.0000          0.0000
             0.0000          0.0000          0.0000

     Atom 15  H   pos: (  0.638143  0.861857  0.081194)  para sigma:           0.00
             0.0000          0.0000          0.0000
             0.0000          0.0000          0.0000
             0.0000          0.0000          0.0000

     Atom 16  H   pos: (  0.361857  0.138143  0.081194)  para sigma:           0.00
             0.0000          0.0000          0.0000
             0.0000          0.0000          0.0000
             0.0000          0.0000          0.0000

 
     Total NMR chemical shifts in ppm: -------------------------------------------------
     (adopting the Simpson convention for anisotropy and asymmetry on a shielding scale)
 
     Atom  1  C   pos: (  0.000000  0.500000  0.227494)  Total sigma:         -25.72
            -0.4040        -97.2926         -0.0000
           -97.2926         -0.4040         -0.0000
             0.0000          0.0000        -76.3591

     C       1    anisotropy:    122.61    eta:    0.1740
     C       1    sigma_xx=    -97.70    axis=(  0.707107  0.707107 -0.000000)
     C       1    sigma_yy=    -76.36    axis=( -0.000000 -0.000000 -1.000000)
     C       1    sigma_zz=     96.89    axis=( -0.707107  0.707107  0.000000)
 
     Atom  2  C   pos: (  0.500000  0.000000  0.604868)  Total sigma:         -25.72
            -0.4040         97.2926          0.0000
            97.2926         -0.4040         -0.0000
             0.0000          0.0000        -76.3591

     C       2    anisotropy:    122.61    eta:    0.1740
     C       2    sigma_xx=    -97.70    axis=( -0.707107  0.707107  0.000000)
     C       2    sigma_yy=    -76.36    axis=( -0.000000  0.000000 -1.000000)
     C       2    sigma_zz=     96.89    axis=(  0.707107  0.707107  0.000000)
 
     Atom  3  O   pos: (  0.000000  0.500000  0.474797)  Total sigma:       -1023.15
          -343.5637        211.5946         -0.0000
           211.5946       -343.5637          0.0000
             0.0000         -0.0000      -2382.3365

     O       3    anisotropy:  -1359.18    eta:    0.3114
     O       3    sigma_xx=   -131.97    axis=( -0.707107 -0.707107  0.000000)
     O       3    sigma_yy=   -555.16    axis=(  0.707107 -0.707107  0.000000)
     O       3    sigma_zz=  -2382.34    axis=(  0.000000  0.000000  1.000000)
 
     Atom  4  O   pos: (  0.500000  0.000000  0.357565)  Total sigma:       -1023.15
          -343.5637       -211.5946         -0.0000
          -211.5946       -343.5637         -0.0000
             0.0000          0.0000      -2382.3365

     O       4    anisotropy:  -1359.18    eta:    0.3114
     O       4    sigma_xx=   -131.97    axis=( -0.707107  0.707107  0.000000)
     O       4    sigma_yy=   -555.16    axis=( -0.707107 -0.707107  0.000000)
     O       4    sigma_zz=  -2382.34    axis=(  0.000000  0.000000  1.000000)
 
     Atom  5  N   pos: (  0.146708  0.646708  0.103511)  Total sigma:         258.41
           229.6834        -70.6221        -32.7755
           -70.6221        229.6834        -32.7755
           201.3182        201.3182        315.8608

     N       5    anisotropy:   -163.60    eta:    0.4878
     N       5    sigma_xx=    380.11    axis=( -0.335565 -0.335565 -0.880223)
     N       5    sigma_yy=    300.31    axis=(  0.707107 -0.707107  0.000000)
     N       5    sigma_zz=     94.81    axis=( -0.622411 -0.622411  0.474561)
 
     Atom  6  N   pos: (  0.853292  0.353292  0.103511)  Total sigma:         258.41
           229.6834        -70.6221         32.7755
           -70.6221        229.6834         32.7755
          -201.3182       -201.3182        315.8608

     N       6    anisotropy:   -163.60    eta:    0.4878
     N       6    sigma_xx=    380.11    axis=( -0.335565 -0.335565  0.880223)
     N       6    sigma_yy=    300.31    axis=(  0.707107 -0.707107 -0.000000)
     N       6    sigma_zz=     94.81    axis=(  0.622411  0.622411  0.474561)
 
     Atom  7  N   pos: (  0.646708  0.853292  0.728851)  Total sigma:         258.41
           229.6834         70.6221         32.7755
            70.6221        229.6834        -32.7755
          -201.3182        201.3182        315.8608

     N       7    anisotropy:   -163.60    eta:    0.4878
     N       7    sigma_xx=    380.11    axis=(  0.335565 -0.335565 -0.880223)
     N       7    sigma_yy=    300.31    axis=(  0.707107  0.707107  0.000000)
     N       7    sigma_zz=     94.81    axis=(  0.622411 -0.622411  0.474561)
 
     Atom  8  N   pos: (  0.353292  0.146708  0.728851)  Total sigma:         258.41
           229.6834         70.6221        -32.7755
            70.6221        229.6834         32.7755
           201.3182       -201.3182        315.8608

     N       8    anisotropy:   -163.60    eta:    0.4878
     N       8    sigma_xx=    380.11    axis=(  0.335565 -0.335565  0.880223)
     N       8    sigma_yy=    300.31    axis=(  0.707107  0.707107 -0.000000)
     N       8    sigma_zz=     94.81    axis=( -0.622411  0.622411  0.474561)
 
     Atom  9  H   pos: (  0.259591  0.759591  0.192324)  Total sigma:          27.62
            19.5668          3.0433         -0.1819
             3.0433         19.5668         -0.1819
            -1.3572         -1.3572         43.7322

     H       9    anisotropy:     16.17    eta:    0.3730
     H       9    sigma_xx=     16.52    axis=(  0.707106 -0.707107 -0.000000)
     H       9    sigma_yy=     22.55    axis=(  0.706175  0.706175  0.051321)
     H       9    sigma_zz=     43.79    axis=( -0.036290 -0.036290  0.998682)
 
     Atom 10  H   pos: (  0.740409  0.240409  0.192324)  Total sigma:          27.62
            19.5668          3.0433          0.1819
             3.0433         19.5668          0.1819
             1.3572          1.3572         43.7322

     H      10    anisotropy:     16.17    eta:    0.3730
     H      10    sigma_xx=     16.52    axis=(  0.707106 -0.707107  0.000000)
     H      10    sigma_yy=     22.55    axis=(  0.706175  0.706175 -0.051322)
     H      10    sigma_zz=     43.79    axis=(  0.036290  0.036290  0.998682)
 
     Atom 11  H   pos: (  0.759591  0.740409  0.640038)  Total sigma:          27.62
            19.5668         -3.0433          0.1819
            -3.0433         19.5668         -0.1819
             1.3572         -1.3572         43.7322

     H      11    anisotropy:     16.17    eta:    0.3730
     H      11    sigma_xx=     16.52    axis=(  0.707107  0.707106 -0.000000)
     H      11    sigma_yy=     22.55    axis=( -0.706174  0.706176  0.051321)
     H      11    sigma_zz=     43.79    axis=(  0.036290 -0.036290  0.998682)
 
     Atom 12  H   pos: (  0.240409  0.259591  0.640038)  Total sigma:          27.62
            19.5668         -3.0433         -0.1819
            -3.0433         19.5668          0.1819
            -1.3572          1.3572         43.7322

     H      12    anisotropy:     16.17    eta:    0.3730
     H      12    sigma_xx=     16.52    axis=(  0.707107  0.707107 -0.000000)
     H      12    sigma_yy=     22.55    axis=( -0.706175  0.706175 -0.051321)
     H      12    sigma_zz=     43.79    axis=( -0.036290  0.036290  0.998682)
 
     Atom 13  H   pos: (  0.138143  0.638143  0.751168)  Total sigma:          14.22
             8.6860          1.3651          0.1689
             1.3651          8.6860          0.1688
           -10.2546        -10.2546         25.2843

     H      13    anisotropy:     13.88    eta:    0.0063
     H      13    sigma_xx=      7.23    axis=(  0.657630  0.657650  0.367451)
     H      13    sigma_yy=      7.32    axis=(  0.707116 -0.707097  0.000005)
     H      13    sigma_zz=     28.10    axis=( -0.259827 -0.259827  0.930043)
 
     Atom 14  H   pos: (  0.861857  0.361857  0.751168)  Total sigma:          14.22
             8.6860          1.3651         -0.1688
             1.3651          8.6860         -0.1688
            10.2546         10.2546         25.2843

     H      14    anisotropy:     13.88    eta:    0.0063
     H      14    sigma_xx=      7.23    axis=(  0.657640  0.657640 -0.367451)
     H      14    sigma_yy=      7.32    axis=(  0.707107 -0.707107  0.000000)
     H      14    sigma_zz=     28.10    axis=(  0.259827  0.259827  0.930043)
 
     Atom 15  H   pos: (  0.638143  0.861857  0.081194)  Total sigma:          14.22
             8.6860         -1.3651         -0.1688
            -1.3651          8.6860          0.1688
            10.2546        -10.2546         25.2843

     H      15    anisotropy:     13.88    eta:    0.0063
     H      15    sigma_xx=      7.23    axis=( -0.657640  0.657640  0.367451)
     H      15    sigma_yy=      7.32    axis=(  0.707107  0.707107  0.000000)
     H      15    sigma_zz=     28.10    axis=(  0.259827 -0.259827  0.930043)
 
     Atom 16  H   pos: (  0.361857  0.138143  0.081194)  Total sigma:          14.22
             8.6860         -1.3651          0.1688
            -1.3651          8.6860         -0.1689
           -10.2546         10.2546         25.2843

     H      16    anisotropy:     13.88    eta:    0.0063
     H      16    sigma_xx=      7.23    axis=( -0.657650  0.657630 -0.367451)
     H      16    sigma_yy=      7.32    axis=(  0.707097  0.707116 -0.000005)
     H      16    sigma_zz=     28.10    axis=( -0.259827  0.259827  0.930043)
 
     Initialization:
     gipaw_setup  :      0.03s CPU      0.04s WALL (       1 calls)
 
     Linear response
     greenf       :     51.64s CPU     52.90s WALL (     126 calls)
     cgsolve      :     51.44s CPU     52.65s WALL (     126 calls)
     ch_psi       :     49.95s CPU     51.13s WALL (    4133 calls)
     h_psiq       :     45.67s CPU     46.75s WALL (    4133 calls)
 
     Apply operators
     h_psi        :     52.51s CPU     53.78s WALL (    5360 calls)
     apply_vel    :      0.14s CPU      0.15s WALL (     126 calls)
 
     Induced current
     j_para       :      4.76s CPU      4.87s WALL (      72 calls)
     biot_savart  :      0.01s CPU      0.01s WALL (       1 calls)
 
     Other routines
 
     General routines
     calbec       :      2.40s CPU      2.46s WALL (   14208 calls)
     fft          :      0.02s CPU      0.07s WALL (      29 calls)
     fftw         :     52.39s CPU     53.61s WALL (  232626 calls)
     davcio       :      0.03s CPU      0.03s WALL (      96 calls)
 
     Parallel routines
     fft_scatter  :     11.91s CPU     12.33s WALL (  232655 calls)
 
     Plugins
 
 
     GIPAW        :   1m10.31s CPU   1m12.35s WALL

 
   This run was terminated on:  15:59:54  24Sep2026            

=------------------------------------------------------------------------------=
   JOB DONE.
=------------------------------------------------------------------------------=
